Feb 21 08:17:50 ip-172-31-24-21 kernel: Command line: BOOT_IMAGE=(hd0,gpt1)/boot/vmlinuz-6.1.161-183.298.amzn2023.x86_64 root=UUID=7813e2d4-9cdc-416a-a749-25de8a9f36d0 ro console=tty0 console=ttyS0,115200n8 nvme_core.io_timeout=4294967295 rd.emergency=poweroff rd.shell=0 selinux=1 security=selinux quiet
Feb 21 08:17:50 ip-172-31-24-21 kernel: KASLR enabled
Feb 21 08:17:50 ip-172-31-24-21 kernel: BIOS-provided physical RAM map:
Feb 21 08:17:50 ip-172-31-24-21 kernel: BIOS-e820: [mem 0x0000000000000000-0x000000000009ffff] usable
Feb 21 08:17:50 ip-172-31-24-21 kernel: BIOS-e820: [mem 0x0000000000100000-0x00000000390cdfff] usable
Feb 21 08:17:50 ip-172-31-24-21 kernel: BIOS-e820: [mem 0x00000000390ce000-0x000000003934dfff] reserved
Feb 21 08:17:50 ip-172-31-24-21 kernel: BIOS-e820: [mem 0x000000003934e000-0x000000003935dfff] ACPI data
Feb 21 08:17:50 ip-172-31-24-21 kernel: BIOS-e820: [mem 0x000000003935e000-0x00000000393ddfff] ACPI NVS
Feb 21 08:17:50 ip-172-31-24-21 kernel: BIOS-e820: [mem 0x00000000393de000-0x000000003d37bfff] usable
Feb 21 08:17:50 ip-172-31-24-21 kernel: BIOS-e820: [mem 0x000000003d37c000-0x000000003d3fffff] reserved
Feb 21 08:17:50 ip-172-31-24-21 kernel: NX (Execute Disable) protection: active
Feb 21 08:17:50 ip-172-31-24-21 kernel: extended physical RAM map:
Feb 21 08:17:50 ip-172-31-24-21 kernel: reserve setup_data: [mem 0x0000000000000000-0x000000000009ffff] usable
Feb 21 08:17:50 ip-172-31-24-21 kernel: reserve setup_data: [mem 0x0000000000100000-0x00000000372be017] usable
Feb 21 08:17:50 ip-172-31-24-21 kernel: reserve setup_data: [mem 0x00000000372be018-0x00000000372c6e57] usable
Feb 21 08:17:50 ip-172-31-24-21 kernel: reserve setup_data: [mem 0x00000000372c6e58-0x00000000390cdfff] usable
Feb 21 08:17:50 ip-172-31-24-21 kernel: reserve setup_data: [mem 0x00000000390ce000-0x000000003934dfff] reserved
Feb 21 08:17:50 ip-172-31-24-21 kernel: reserve setup_data: [mem 0x000000003934e000-0x000000003935dfff] ACPI data
Feb 21 08:17:50 ip-172-31-24-21 kernel: reserve setup_data: [mem 0x000000003935e000-0x00000000393ddfff] ACPI NVS
Feb 21 08:17:50 ip-172-31-24-21 kernel: reserve setup_data: [mem 0x00000000393de000-0x000000003d37bfff] usable
Feb 21 08:17:50 ip-172-31-24-21 kernel: reserve setup_data: [mem 0x000000003d37c000-0x000000003d3fffff] reserved
Feb 21 08:17:50 ip-172-31-24-21 kernel: efi: EFI v2.70 by EDK II
Feb 21 08:17:50 ip-172-31-24-21 kernel: efi: SMBIOS=0x3926a000 ACPI=0x3935d000 ACPI 2.0=0x3935d014 MEMATTR=0x37a43a98 
Feb 21 08:17:50 ip-172-31-24-21 kernel: SMBIOS 2.7 present.
Feb 21 08:17:50 ip-172-31-24-21 kernel: DMI: Amazon EC2 t3.micro/, BIOS 1.0 10/16/2017
Feb 21 08:17:50 ip-172-31-24-21 kernel: Hypervisor detected: KVM
Feb 21 08:17:50 ip-172-31-24-21 kernel: kvm-clock: Using msrs 4b564d01 and 4b564d00
Feb 21 08:17:50 ip-172-31-24-21 kernel: kvm-clock: using sched offset of 1839096653 cycles
Feb 21 08:17:50 ip-172-31-24-21 kernel: clocksource: kvm-clock: mask: 0xffffffffffffffff max_cycles: 0x1cd42e4dffb, max_idle_ns: 881590591483 ns
Feb 21 08:17:50 ip-172-31-24-21 kernel: tsc: Detected 2499.996 MHz processor
Feb 21 08:17:50 ip-172-31-24-21 kernel: last_pfn = 0x3d37c max_arch_pfn = 0x400000000
Feb 21 08:17:50 ip-172-31-24-21 kernel: x86/PAT: Configuration [0-7]: WB  WC  UC- UC  WB  WP  UC- WT  
Feb 21 08:17:50 ip-172-31-24-21 kernel: Using GB pages for direct mapping
Feb 21 08:17:50 ip-172-31-24-21 kernel: Secure boot disabled
Feb 21 08:17:50 ip-172-31-24-21 kernel: RAMDISK: [mem 0x32915000-0x33ca9fff]
Feb 21 08:17:50 ip-172-31-24-21 kernel: ACPI: Early table checksum verification disabled
Feb 21 08:17:50 ip-172-31-24-21 kernel: ACPI: RSDP 0x000000003935D014 000024 (v02 AMAZON)
Feb 21 08:17:50 ip-172-31-24-21 kernel: ACPI: XSDT 0x000000003935C0E8 00006C (v01 AMAZON AMZNFACP 00000001      01000013)
Feb 21 08:17:50 ip-172-31-24-21 kernel: ACPI: FACP 0x0000000039355000 000114 (v01 AMAZON AMZNFACP 00000001 AMZN 00000001)
Feb 21 08:17:50 ip-172-31-24-21 kernel: ACPI: DSDT 0x0000000039356000 00115A (v01 AMAZON AMZNDSDT 00000001 AMZN 00000001)
Feb 21 08:17:50 ip-172-31-24-21 kernel: ACPI: FACS 0x00000000393D0000 000040
Feb 21 08:17:50 ip-172-31-24-21 kernel: ACPI: WAET 0x000000003935B000 000028 (v01 AMAZON AMZNWAET 00000001 AMZN 00000001)
Feb 21 08:17:50 ip-172-31-24-21 kernel: ACPI: SLIT 0x000000003935A000 00006C (v01 AMAZON AMZNSLIT 00000001 AMZN 00000001)
Feb 21 08:17:50 ip-172-31-24-21 kernel: ACPI: APIC 0x0000000039359000 000076 (v01 AMAZON AMZNAPIC 00000001 AMZN 00000001)
Feb 21 08:17:50 ip-172-31-24-21 kernel: ACPI: SRAT 0x0000000039358000 0000A0 (v01 AMAZON AMZNSRAT 00000001 AMZN 00000001)
Feb 21 08:17:50 ip-172-31-24-21 kernel: ACPI: HPET 0x0000000039354000 000038 (v01 AMAZON AMZNHPET 00000001 AMZN 00000001)
Feb 21 08:17:50 ip-172-31-24-21 kernel: ACPI: SSDT 0x0000000039353000 000759 (v01 AMAZON AMZNSSDT 00000001 AMZN 00000001)
Feb 21 08:17:50 ip-172-31-24-21 kernel: ACPI: SSDT 0x0000000039352000 00007F (v01 AMAZON AMZNSSDT 00000001 AMZN 00000001)
Feb 21 08:17:50 ip-172-31-24-21 kernel: ACPI: BGRT 0x0000000039351000 000038 (v01 AMAZON AMAZON   00000002      01000013)
Feb 21 08:17:50 ip-172-31-24-21 kernel: ACPI: Reserving FACP table memory at [mem 0x39355000-0x39355113]
Feb 21 08:17:50 ip-172-31-24-21 kernel: ACPI: Reserving DSDT table memory at [mem 0x39356000-0x39357159]
Feb 21 08:17:50 ip-172-31-24-21 kernel: ACPI: Reserving FACS table memory at [mem 0x393d0000-0x393d003f]
Feb 21 08:17:50 ip-172-31-24-21 kernel: ACPI: Reserving WAET table memory at [mem 0x3935b000-0x3935b027]
Feb 21 08:17:50 ip-172-31-24-21 kernel: ACPI: Reserving SLIT table memory at [mem 0x3935a000-0x3935a06b]
Feb 21 08:17:50 ip-172-31-24-21 kernel: ACPI: Reserving APIC table memory at [mem 0x39359000-0x39359075]
Feb 21 08:17:50 ip-172-31-24-21 kernel: ACPI: Reserving SRAT table memory at [mem 0x39358000-0x3935809f]
Feb 21 08:17:50 ip-172-31-24-21 kernel: ACPI: Reserving HPET table memory at [mem 0x39354000-0x39354037]
Feb 21 08:17:50 ip-172-31-24-21 kernel: ACPI: Reserving SSDT table memory at [mem 0x39353000-0x39353758]
Feb 21 08:17:50 ip-172-31-24-21 kernel: ACPI: Reserving SSDT table memory at [mem 0x39352000-0x3935207e]
Feb 21 08:17:50 ip-172-31-24-21 kernel: ACPI: Reserving BGRT table memory at [mem 0x39351000-0x39351037]
Feb 21 08:17:50 ip-172-31-24-21 kernel: SRAT: PXM 0 -> APIC 0x00 -> Node 0
Feb 21 08:17:50 ip-172-31-24-21 kernel: SRAT: PXM 0 -> APIC 0x01 -> Node 0
Feb 21 08:17:50 ip-172-31-24-21 kernel: ACPI: SRAT: Node 0 PXM 0 [mem 0x00000000-0x3fffffff]
Feb 21 08:17:50 ip-172-31-24-21 kernel: NODE_DATA(0) allocated [mem 0x3b2cb000-0x3b2f5fff]
Feb 21 08:17:50 ip-172-31-24-21 kernel: Zone ranges:
Feb 21 08:17:50 ip-172-31-24-21 kernel:  DMA      [mem 0x0000000000001000-0x0000000000ffffff]
Feb 21 08:17:50 ip-172-31-24-21 kernel:  DMA32    [mem 0x0000000001000000-0x000000003d37bfff]
Feb 21 08:17:50 ip-172-31-24-21 kernel:  Normal   empty
Feb 21 08:17:50 ip-172-31-24-21 kernel:  Device   empty
Feb 21 08:17:50 ip-172-31-24-21 kernel: Movable zone start for each node
Feb 21 08:17:50 ip-172-31-24-21 kernel: Early memory node ranges
Feb 21 08:17:50 ip-172-31-24-21 kernel:  node   0: [mem 0x0000000000001000-0x000000000009ffff]
Feb 21 08:17:50 ip-172-31-24-21 kernel:  node   0: [mem 0x0000000000100000-0x00000000390cdfff]
Feb 21 08:17:50 ip-172-31-24-21 kernel:  node   0: [mem 0x00000000393de000-0x000000003d37bfff]
Feb 21 08:17:50 ip-172-31-24-21 kernel: Initmem setup node 0 [mem 0x0000000000001000-0x000000003d37bfff]
Feb 21 08:17:50 ip-172-31-24-21 kernel: On node 0, zone DMA: 1 pages in unavailable ranges
Feb 21 08:17:50 ip-172-31-24-21 kernel: On node 0, zone DMA: 96 pages in unavailable ranges
Feb 21 08:17:50 ip-172-31-24-21 kernel: On node 0, zone DMA32: 784 pages in unavailable ranges
Feb 21 08:17:50 ip-172-31-24-21 kernel: On node 0, zone DMA32: 11396 pages in unavailable ranges
Feb 21 08:17:50 ip-172-31-24-21 kernel: ACPI: PM-Timer IO Port: 0xb008
Feb 21 08:17:50 ip-172-31-24-21 kernel: ACPI: LAPIC_NMI (acpi_id[0xff] dfl dfl lint[0x1])
Feb 21 08:17:50 ip-172-31-24-21 kernel: IOAPIC[0]: apic_id 0, version 32, address 0xfec00000, GSI 0-23
Feb 21 08:17:50 ip-172-31-24-21 kernel: ACPI: INT_SRC_OVR (bus 0 bus_irq 5 global_irq 5 high level)
Feb 21 08:17:50 ip-172-31-24-21 kernel: ACPI: INT_SRC_OVR (bus 0 bus_irq 9 global_irq 9 high level)
Feb 21 08:17:50 ip-172-31-24-21 kernel: ACPI: INT_SRC_OVR (bus 0 bus_irq 10 global_irq 10 high level)
Feb 21 08:17:50 ip-172-31-24-21 kernel: ACPI: INT_SRC_OVR (bus 0 bus_irq 11 global_irq 11 high level)
Feb 21 08:17:50 ip-172-31-24-21 kernel: ACPI: Using ACPI (MADT) for SMP configuration information
Feb 21 08:17:50 ip-172-31-24-21 kernel: ACPI: HPET id: 0x8086a201 base: 0xfed00000
Feb 21 08:17:50 ip-172-31-24-21 kernel: TSC deadline timer available
Feb 21 08:17:50 ip-172-31-24-21 kernel: smpboot: Allowing 2 CPUs, 0 hotplug CPUs
Feb 21 08:17:50 ip-172-31-24-21 kernel: PM: hibernation: Registered nosave memory: [mem 0x00000000-0x00000fff]
Feb 21 08:17:50 ip-172-31-24-21 kernel: PM: hibernation: Registered nosave memory: [mem 0x000a0000-0x000fffff]
Feb 21 08:17:50 ip-172-31-24-21 kernel: PM: hibernation: Registered nosave memory: [mem 0x390ce000-0x393ddfff]
Feb 21 08:17:50 ip-172-31-24-21 kernel: [mem 0x3d400000-0xffffffff] available for PCI devices
Feb 21 08:17:50 ip-172-31-24-21 kernel: Booting paravirtualized kernel on KVM
Feb 21 08:17:50 ip-172-31-24-21 kernel: clocksource: refined-jiffies: mask: 0xffffffff max_cycles: 0xffffffff, max_idle_ns: 19112604462750000 ns
Feb 21 08:17:50 ip-172-31-24-21 kernel: setup_percpu: NR_CPUS:8192 nr_cpumask_bits:2 nr_cpu_ids:2 nr_node_ids:1
Feb 21 08:17:50 ip-172-31-24-21 kernel: percpu: Embedded 60 pages/cpu s208896 r8192 d28672 u1048576
Feb 21 08:17:50 ip-172-31-24-21 kernel: kvm-guest: PV spinlocks enabled
Feb 21 08:17:50 ip-172-31-24-21 kernel: PV qspinlock hash table entries: 256 (order: 0, 4096 bytes, linear)
Feb 21 08:17:50 ip-172-31-24-21 kernel: Fallback order for Node 0: 0 
Feb 21 08:17:50 ip-172-31-24-21 kernel: Built 1 zonelists, mobility grouping on.  Total pages: 245790
Feb 21 08:17:50 ip-172-31-24-21 kernel: Policy zone: DMA32
Feb 21 08:17:50 ip-172-31-24-21 kernel: Kernel command line: BOOT_IMAGE=(hd0,gpt1)/boot/vmlinuz-6.1.161-183.298.amzn2023.x86_64 root=UUID=7813e2d4-9cdc-416a-a749-25de8a9f36d0 ro console=tty0 console=ttyS0,115200n8 nvme_core.io_timeout=4294967295 rd.emergency=poweroff rd.shell=0 selinux=1 security=selinux quiet
Feb 21 08:17:50 ip-172-31-24-21 kernel: random: crng init done
Feb 21 08:17:50 ip-172-31-24-21 kernel: Dentry cache hash table entries: 131072 (order: 8, 1048576 bytes, linear)
Feb 21 08:17:50 ip-172-31-24-21 kernel: Inode-cache hash table entries: 65536 (order: 7, 524288 bytes, linear)
Feb 21 08:17:50 ip-172-31-24-21 kernel: mem auto-init: stack:off, heap alloc:off, heap free:off
Feb 21 08:17:50 ip-172-31-24-21 kernel: Memory: 211656K/999468K available (14347K kernel code, 9300K rwdata, 8920K rodata, 2452K init, 6384K bss, 133272K reserved, 0K cma-reserved)
Feb 21 08:17:50 ip-172-31-24-21 kernel: SLUB: HWalign=64, Order=0-3, MinObjects=0, CPUs=2, Nodes=1
Feb 21 08:17:50 ip-172-31-24-21 kernel: Kernel/User page tables isolation: enabled
Feb 21 08:17:50 ip-172-31-24-21 kernel: ftrace: allocating 41893 entries in 164 pages
Feb 21 08:17:50 ip-172-31-24-21 kernel: ftrace: allocated 164 pages with 3 groups
Feb 21 08:17:50 ip-172-31-24-21 kernel: Dynamic Preempt: none
Feb 21 08:17:50 ip-172-31-24-21 kernel: rcu: Preemptible hierarchical RCU implementation.
Feb 21 08:17:50 ip-172-31-24-21 kernel: rcu: #011RCU restricting CPUs from NR_CPUS=8192 to nr_cpu_ids=2.
Feb 21 08:17:50 ip-172-31-24-21 kernel: #011Trampoline variant of Tasks RCU enabled.
Feb 21 08:17:50 ip-172-31-24-21 kernel: #011Rude variant of Tasks RCU enabled.
Feb 21 08:17:50 ip-172-31-24-21 kernel: #011Tracing variant of Tasks RCU enabled.
Feb 21 08:17:50 ip-172-31-24-21 kernel: rcu: RCU calculated value of scheduler-enlistment delay is 10 jiffies.
Feb 21 08:17:50 ip-172-31-24-21 kernel: rcu: Adjusting geometry for rcu_fanout_leaf=16, nr_cpu_ids=2
Feb 21 08:17:50 ip-172-31-24-21 kernel: NR_IRQS: 524544, nr_irqs: 440, preallocated irqs: 16
Feb 21 08:17:50 ip-172-31-24-21 kernel: rcu: srcu_init: Setting srcu_struct sizes based on contention.
Feb 21 08:17:50 ip-172-31-24-21 kernel: Console: colour dummy device 80x25
Feb 21 08:17:50 ip-172-31-24-21 kernel: printk: console [tty0] enabled
Feb 21 08:17:50 ip-172-31-24-21 kernel: printk: console [ttyS0] enabled
Feb 21 08:17:50 ip-172-31-24-21 kernel: ACPI: Core revision 20220331
Feb 21 08:17:50 ip-172-31-24-21 kernel: clocksource: hpet: mask: 0xffffffff max_cycles: 0xffffffff, max_idle_ns: 30580167144 ns
Feb 21 08:17:50 ip-172-31-24-21 kernel: APIC: Switch to symmetric I/O mode setup
Feb 21 08:17:50 ip-172-31-24-21 kernel: x2apic enabled
Feb 21 08:17:50 ip-172-31-24-21 kernel: Switched APIC routing to physical x2apic.
Feb 21 08:17:50 ip-172-31-24-21 kernel: clocksource: tsc-early: mask: 0xffffffffffffffff max_cycles: 0x24093623c91, max_idle_ns: 440795291220 ns
Feb 21 08:17:50 ip-172-31-24-21 kernel: Calibrating delay loop (skipped) preset value.. 4999.99 BogoMIPS (lpj=24999960)
Feb 21 08:17:50 ip-172-31-24-21 kernel: Last level iTLB entries: 4KB 64, 2MB 8, 4MB 8
Feb 21 08:17:50 ip-172-31-24-21 kernel: Last level dTLB entries: 4KB 64, 2MB 32, 4MB 32, 1GB 4
Feb 21 08:17:50 ip-172-31-24-21 kernel: Spectre V1 : Mitigation: usercopy/swapgs barriers and __user pointer sanitization
Feb 21 08:17:50 ip-172-31-24-21 kernel: Spectre V2 : Mitigation: Retpolines
Feb 21 08:17:50 ip-172-31-24-21 kernel: Spectre V2 : Spectre v2 / SpectreRSB: Filling RSB on context switch and VMEXIT
Feb 21 08:17:50 ip-172-31-24-21 kernel: RETBleed: WARNING: Spectre v2 mitigation leaves CPU vulnerable to RETBleed attacks, data leaks possible!
Feb 21 08:17:50 ip-172-31-24-21 kernel: RETBleed: Vulnerable
Feb 21 08:17:50 ip-172-31-24-21 kernel: Speculative Store Bypass: Vulnerable
Feb 21 08:17:50 ip-172-31-24-21 kernel: MDS: Vulnerable: Clear CPU buffers attempted, no microcode
Feb 21 08:17:50 ip-172-31-24-21 kernel: MMIO Stale Data: Vulnerable: Clear CPU buffers attempted, no microcode
Feb 21 08:17:50 ip-172-31-24-21 kernel: GDS: Unknown: Dependent on hypervisor status
Feb 21 08:17:50 ip-172-31-24-21 kernel: active return thunk: its_return_thunk
Feb 21 08:17:50 ip-172-31-24-21 kernel: ITS: Mitigation: Aligned branch/return thunks
Feb 21 08:17:50 ip-172-31-24-21 kernel: x86/fpu: Supporting XSAVE feature 0x001: 'x87 floating point registers'
Feb 21 08:17:50 ip-172-31-24-21 kernel: x86/fpu: Supporting XSAVE feature 0x002: 'SSE registers'
Feb 21 08:17:50 ip-172-31-24-21 kernel: x86/fpu: Supporting XSAVE feature 0x004: 'AVX registers'
Feb 21 08:17:50 ip-172-31-24-21 kernel: x86/fpu: Supporting XSAVE feature 0x008: 'MPX bounds registers'
Feb 21 08:17:50 ip-172-31-24-21 kernel: x86/fpu: Supporting XSAVE feature 0x010: 'MPX CSR'
Feb 21 08:17:50 ip-172-31-24-21 kernel: x86/fpu: Supporting XSAVE feature 0x020: 'AVX-512 opmask'
Feb 21 08:17:50 ip-172-31-24-21 kernel: x86/fpu: Supporting XSAVE feature 0x040: 'AVX-512 Hi256'
Feb 21 08:17:50 ip-172-31-24-21 kernel: x86/fpu: Supporting XSAVE feature 0x080: 'AVX-512 ZMM_Hi256'
Feb 21 08:17:50 ip-172-31-24-21 kernel: x86/fpu: Supporting XSAVE feature 0x200: 'Protection Keys User registers'
Feb 21 08:17:50 ip-172-31-24-21 kernel: x86/fpu: xstate_offset[2]:  576, xstate_sizes[2]:  256
Feb 21 08:17:50 ip-172-31-24-21 kernel: x86/fpu: xstate_offset[3]:  832, xstate_sizes[3]:   64
Feb 21 08:17:50 ip-172-31-24-21 kernel: x86/fpu: xstate_offset[4]:  896, xstate_sizes[4]:   64
Feb 21 08:17:50 ip-172-31-24-21 kernel: x86/fpu: xstate_offset[5]:  960, xstate_sizes[5]:   64
Feb 21 08:17:50 ip-172-31-24-21 kernel: x86/fpu: xstate_offset[6]: 1024, xstate_sizes[6]:  512
Feb 21 08:17:50 ip-172-31-24-21 kernel: x86/fpu: xstate_offset[7]: 1536, xstate_sizes[7]: 1024
Feb 21 08:17:50 ip-172-31-24-21 kernel: x86/fpu: xstate_offset[9]: 2560, xstate_sizes[9]:    8
Feb 21 08:17:50 ip-172-31-24-21 kernel: x86/fpu: Enabled xstate features 0x2ff, context size is 2568 bytes, using 'compacted' format.
Feb 21 08:17:50 ip-172-31-24-21 kernel: Freeing SMP alternatives memory: 36K
Feb 21 08:17:50 ip-172-31-24-21 kernel: pid_max: default: 32768 minimum: 301
Feb 21 08:17:50 ip-172-31-24-21 kernel: LSM: Security Framework initializing
Feb 21 08:17:50 ip-172-31-24-21 kernel: landlock: Up and running.
Feb 21 08:17:50 ip-172-31-24-21 kernel: Yama: becoming mindful.
Feb 21 08:17:50 ip-172-31-24-21 kernel: SELinux:  Initializing.
Feb 21 08:17:50 ip-172-31-24-21 kernel: LSM support for eBPF active
Feb 21 08:17:50 ip-172-31-24-21 kernel: Mount-cache hash table entries: 2048 (order: 2, 16384 bytes, linear)
Feb 21 08:17:50 ip-172-31-24-21 kernel: Mountpoint-cache hash table entries: 2048 (order: 2, 16384 bytes, linear)
Feb 21 08:17:50 ip-172-31-24-21 kernel: smpboot: CPU0: Intel(R) Xeon(R) Platinum 8175M CPU @ 2.50GHz (family: 0x6, model: 0x55, stepping: 0x4)
Feb 21 08:17:50 ip-172-31-24-21 kernel: cblist_init_generic: Setting adjustable number of callback queues.
Feb 21 08:17:50 ip-172-31-24-21 kernel: cblist_init_generic: Setting shift to 1 and lim to 1.
Feb 21 08:17:50 ip-172-31-24-21 kernel: cblist_init_generic: Setting adjustable number of callback queues.
Feb 21 08:17:50 ip-172-31-24-21 kernel: cblist_init_generic: Setting shift to 1 and lim to 1.
Feb 21 08:17:50 ip-172-31-24-21 kernel: cblist_init_generic: Setting adjustable number of callback queues.
Feb 21 08:17:50 ip-172-31-24-21 kernel: cblist_init_generic: Setting shift to 1 and lim to 1.
Feb 21 08:17:50 ip-172-31-24-21 kernel: Performance Events: unsupported p6 CPU model 85 no PMU driver, software events only.
Feb 21 08:17:50 ip-172-31-24-21 kernel: signal: max sigframe size: 3632
Feb 21 08:17:50 ip-172-31-24-21 kernel: rcu: Hierarchical SRCU implementation.
Feb 21 08:17:50 ip-172-31-24-21 kernel: rcu: #011Max phase no-delay instances is 1000.
Feb 21 08:17:50 ip-172-31-24-21 kernel: smp: Bringing up secondary CPUs ...
Feb 21 08:17:50 ip-172-31-24-21 kernel: x86: Booting SMP configuration:
Feb 21 08:17:50 ip-172-31-24-21 kernel: .... node  #0, CPUs:      #1
Feb 21 08:17:50 ip-172-31-24-21 kernel: MDS CPU bug present and SMT on, data leak possible. See https://www.kernel.org/doc/html/latest/admin-guide/hw-vuln/mds.html for more details.
Feb 21 08:17:50 ip-172-31-24-21 kernel: MMIO Stale Data CPU bug present and SMT on, data leak possible. See https://www.kernel.org/doc/html/latest/admin-guide/hw-vuln/processor_mmio_stale_data.html for more details.
Feb 21 08:17:50 ip-172-31-24-21 kernel: smp: Brought up 1 node, 2 CPUs
Feb 21 08:17:50 ip-172-31-24-21 kernel: smpboot: Max logical packages: 1
Feb 21 08:17:50 ip-172-31-24-21 kernel: smpboot: Total of 2 processors activated (9999.98 BogoMIPS)
Feb 21 08:17:50 ip-172-31-24-21 kernel: node 0 deferred pages initialised in 0ms
Feb 21 08:17:50 ip-172-31-24-21 kernel: devtmpfs: initialized
Feb 21 08:17:50 ip-172-31-24-21 kernel: x86/mm: Memory block size: 128MB
Feb 21 08:17:50 ip-172-31-24-21 kernel: ACPI: PM: Registering ACPI NVS region [mem 0x3935e000-0x393ddfff] (524288 bytes)
Feb 21 08:17:50 ip-172-31-24-21 kernel: clocksource: jiffies: mask: 0xffffffff max_cycles: 0xffffffff, max_idle_ns: 19112604462750000 ns
Feb 21 08:17:50 ip-172-31-24-21 kernel: futex hash table entries: 512 (order: 3, 32768 bytes, linear)
Feb 21 08:17:50 ip-172-31-24-21 kernel: NET: Registered PF_NETLINK/PF_ROUTE protocol family
Feb 21 08:17:50 ip-172-31-24-21 kernel: DMA: preallocated 128 KiB GFP_KERNEL pool for atomic allocations
Feb 21 08:17:50 ip-172-31-24-21 kernel: DMA: preallocated 128 KiB GFP_KERNEL|GFP_DMA pool for atomic allocations
Feb 21 08:17:50 ip-172-31-24-21 kernel: DMA: preallocated 128 KiB GFP_KERNEL|GFP_DMA32 pool for atomic allocations
Feb 21 08:17:50 ip-172-31-24-21 kernel: audit: initializing netlink subsys (disabled)
Feb 21 08:17:50 ip-172-31-24-21 kernel: audit: type=2000 audit(1771661871.601:1): state=initialized audit_enabled=0 res=1
Feb 21 08:17:50 ip-172-31-24-21 kernel: thermal_sys: Registered thermal governor 'fair_share'
Feb 21 08:17:50 ip-172-31-24-21 kernel: thermal_sys: Registered thermal governor 'step_wise'
Feb 21 08:17:50 ip-172-31-24-21 kernel: thermal_sys: Registered thermal governor 'user_space'
Feb 21 08:17:50 ip-172-31-24-21 kernel: cpuidle: using governor ladder
Feb 21 08:17:50 ip-172-31-24-21 kernel: cpuidle: using governor menu
Feb 21 08:17:50 ip-172-31-24-21 kernel: acpiphp: ACPI Hot Plug PCI Controller Driver version: 0.5
Feb 21 08:17:50 ip-172-31-24-21 kernel: PCI: Using configuration type 1 for base access
Feb 21 08:17:50 ip-172-31-24-21 kernel: kprobes: kprobe jump-optimization is enabled. All kprobes are optimized if possible.
Feb 21 08:17:50 ip-172-31-24-21 kernel: HugeTLB: registered 1.00 GiB page size, pre-allocated 0 pages
Feb 21 08:17:50 ip-172-31-24-21 kernel: HugeTLB: 16380 KiB vmemmap can be freed for a 1.00 GiB page
Feb 21 08:17:50 ip-172-31-24-21 kernel: HugeTLB: registered 2.00 MiB page size, pre-allocated 0 pages
Feb 21 08:17:50 ip-172-31-24-21 kernel: HugeTLB: 28 KiB vmemmap can be freed for a 2.00 MiB page
Feb 21 08:17:50 ip-172-31-24-21 kernel: cryptd: max_cpu_qlen set to 1000
Feb 21 08:17:50 ip-172-31-24-21 kernel: ACPI: Added _OSI(Module Device)
Feb 21 08:17:50 ip-172-31-24-21 kernel: ACPI: Added _OSI(Processor Device)
Feb 21 08:17:50 ip-172-31-24-21 kernel: ACPI: Added _OSI(Processor Aggregator Device)
Feb 21 08:17:50 ip-172-31-24-21 kernel: ACPI: 3 ACPI AML tables successfully acquired and loaded
Feb 21 08:17:50 ip-172-31-24-21 kernel: ACPI: Interpreter enabled
Feb 21 08:17:50 ip-172-31-24-21 kernel: ACPI: PM: (supports S0 S4 S5)
Feb 21 08:17:50 ip-172-31-24-21 kernel: ACPI: Using IOAPIC for interrupt routing
Feb 21 08:17:50 ip-172-31-24-21 kernel: PCI: Using host bridge windows from ACPI; if necessary, use "pci=nocrs" and report a bug
Feb 21 08:17:50 ip-172-31-24-21 kernel: PCI: Using E820 reservations for host bridge windows
Feb 21 08:17:50 ip-172-31-24-21 kernel: ACPI: Enabled 2 GPEs in block 00 to 0F
Feb 21 08:17:50 ip-172-31-24-21 kernel: ACPI: PCI Root Bridge [PCI0] (domain 0000 [bus 00-ff])
Feb 21 08:17:50 ip-172-31-24-21 kernel: acpi PNP0A03:00: _OSC: OS supports [ASPM ClockPM Segments MSI HPX-Type3]
Feb 21 08:17:50 ip-172-31-24-21 kernel: acpi PNP0A03:00: _OSC: not requesting OS control; OS requires [ExtendedConfig ASPM ClockPM MSI]
Feb 21 08:17:50 ip-172-31-24-21 kernel: acpi PNP0A03:00: fail to add MMCONFIG information, can't access extended PCI configuration space under this bridge.
Feb 21 08:17:50 ip-172-31-24-21 kernel: acpiphp: Slot [3] registered
Feb 21 08:17:50 ip-172-31-24-21 kernel: acpiphp: Slot [4] registered
Feb 21 08:17:50 ip-172-31-24-21 kernel: acpiphp: Slot [5] registered
Feb 21 08:17:50 ip-172-31-24-21 kernel: acpiphp: Slot [6] registered
Feb 21 08:17:50 ip-172-31-24-21 kernel: acpiphp: Slot [7] registered
Feb 21 08:17:50 ip-172-31-24-21 kernel: acpiphp: Slot [8] registered
Feb 21 08:17:50 ip-172-31-24-21 kernel: acpiphp: Slot [9] registered
Feb 21 08:17:50 ip-172-31-24-21 kernel: acpiphp: Slot [10] registered
Feb 21 08:17:50 ip-172-31-24-21 kernel: acpiphp: Slot [11] registered
Feb 21 08:17:50 ip-172-31-24-21 kernel: acpiphp: Slot [12] registered
Feb 21 08:17:50 ip-172-31-24-21 kernel: acpiphp: Slot [13] registered
Feb 21 08:17:50 ip-172-31-24-21 kernel: acpiphp: Slot [14] registered
Feb 21 08:17:50 ip-172-31-24-21 kernel: acpiphp: Slot [15] registered
Feb 21 08:17:50 ip-172-31-24-21 kernel: acpiphp: Slot [16] registered
Feb 21 08:17:50 ip-172-31-24-21 kernel: acpiphp: Slot [17] registered
Feb 21 08:17:50 ip-172-31-24-21 kernel: acpiphp: Slot [18] registered
Feb 21 08:17:50 ip-172-31-24-21 kernel: acpiphp: Slot [19] registered
Feb 21 08:17:50 ip-172-31-24-21 kernel: acpiphp: Slot [20] registered
Feb 21 08:17:50 ip-172-31-24-21 kernel: acpiphp: Slot [21] registered
Feb 21 08:17:50 ip-172-31-24-21 kernel: acpiphp: Slot [22] registered
Feb 21 08:17:50 ip-172-31-24-21 kernel: acpiphp: Slot [23] registered
Feb 21 08:17:50 ip-172-31-24-21 kernel: acpiphp: Slot [24] registered
Feb 21 08:17:50 ip-172-31-24-21 kernel: acpiphp: Slot [25] registered
Feb 21 08:17:50 ip-172-31-24-21 kernel: acpiphp: Slot [26] registered
Feb 21 08:17:50 ip-172-31-24-21 kernel: acpiphp: Slot [27] registered
Feb 21 08:17:50 ip-172-31-24-21 kernel: acpiphp: Slot [28] registered
Feb 21 08:17:50 ip-172-31-24-21 kernel: acpiphp: Slot [29] registered
Feb 21 08:17:50 ip-172-31-24-21 kernel: acpiphp: Slot [30] registered
Feb 21 08:17:50 ip-172-31-24-21 kernel: acpiphp: Slot [31] registered
Feb 21 08:17:50 ip-172-31-24-21 kernel: PCI host bridge to bus 0000:00
Feb 21 08:17:50 ip-172-31-24-21 kernel: pci_bus 0000:00: root bus resource [io  0x0000-0x0cf7 window]
Feb 21 08:17:50 ip-172-31-24-21 kernel: pci_bus 0000:00: root bus resource [io  0x0d00-0xffff window]
Feb 21 08:17:50 ip-172-31-24-21 kernel: pci_bus 0000:00: root bus resource [mem 0x000a0000-0x000bffff window]
Feb 21 08:17:50 ip-172-31-24-21 kernel: pci_bus 0000:00: root bus resource [mem 0x80000000-0xfebfffff window]
Feb 21 08:17:50 ip-172-31-24-21 kernel: pci_bus 0000:00: root bus resource [mem 0x100000000-0x2000ffffffff window]
Feb 21 08:17:50 ip-172-31-24-21 kernel: pci_bus 0000:00: root bus resource [bus 00-ff]
Feb 21 08:17:50 ip-172-31-24-21 kernel: pci 0000:00:00.0: [8086:1237] type 00 class 0x060000
Feb 21 08:17:50 ip-172-31-24-21 kernel: pci 0000:00:01.0: [8086:7000] type 00 class 0x060100
Feb 21 08:17:50 ip-172-31-24-21 kernel: pci 0000:00:01.3: [8086:7113] type 00 class 0x000000
Feb 21 08:17:50 ip-172-31-24-21 kernel: pci 0000:00:01.3: quirk: [io  0xb000-0xb03f] claimed by PIIX4 ACPI
Feb 21 08:17:50 ip-172-31-24-21 kernel: pci 0000:00:01.3: PIIX4 devres E PIO at fff0-ffff
Feb 21 08:17:50 ip-172-31-24-21 kernel: pci 0000:00:01.3: PIIX4 devres F MMIO at ffc00000-ffffffff
Feb 21 08:17:50 ip-172-31-24-21 kernel: pci 0000:00:01.3: PIIX4 devres G PIO at fff0-ffff
Feb 21 08:17:50 ip-172-31-24-21 kernel: pci 0000:00:01.3: PIIX4 devres H MMIO at ffc00000-ffffffff
Feb 21 08:17:50 ip-172-31-24-21 kernel: pci 0000:00:01.3: PIIX4 devres I PIO at fff0-ffff
Feb 21 08:17:50 ip-172-31-24-21 kernel: pci 0000:00:01.3: PIIX4 devres J PIO at fff0-ffff
Feb 21 08:17:50 ip-172-31-24-21 kernel: pci 0000:00:03.0: [1d0f:1111] type 00 class 0x030000
Feb 21 08:17:50 ip-172-31-24-21 kernel: pci 0000:00:03.0: reg 0x10: [mem 0x80000000-0x803fffff pref]
Feb 21 08:17:50 ip-172-31-24-21 kernel: pci 0000:00:03.0: reg 0x30: [mem 0xffff0000-0xffffffff pref]
Feb 21 08:17:50 ip-172-31-24-21 kernel: pci 0000:00:03.0: Video device with shadowed ROM at [mem 0x000c0000-0x000dffff]
Feb 21 08:17:50 ip-172-31-24-21 kernel: pci 0000:00:04.0: [1d0f:8061] type 00 class 0x010802
Feb 21 08:17:50 ip-172-31-24-21 kernel: pci 0000:00:04.0: reg 0x10: [mem 0x80404000-0x80407fff]
Feb 21 08:17:50 ip-172-31-24-21 kernel: pci 0000:00:05.0: [1d0f:ec20] type 00 class 0x020000
Feb 21 08:17:50 ip-172-31-24-21 kernel: pci 0000:00:05.0: reg 0x10: [mem 0x80400000-0x80403fff]
Feb 21 08:17:50 ip-172-31-24-21 kernel: ACPI: PCI: Interrupt link LNKA configured for IRQ 10
Feb 21 08:17:50 ip-172-31-24-21 kernel: ACPI: PCI: Interrupt link LNKB configured for IRQ 10
Feb 21 08:17:50 ip-172-31-24-21 kernel: ACPI: PCI: Interrupt link LNKC configured for IRQ 11
Feb 21 08:17:50 ip-172-31-24-21 kernel: ACPI: PCI: Interrupt link LNKD configured for IRQ 11
Feb 21 08:17:50 ip-172-31-24-21 kernel: ACPI: PCI: Interrupt link LNKS configured for IRQ 9
Feb 21 08:17:50 ip-172-31-24-21 kernel: iommu: Default domain type: Translated 
Feb 21 08:17:50 ip-172-31-24-21 kernel: iommu: DMA domain TLB invalidation policy: lazy mode 
Feb 21 08:17:50 ip-172-31-24-21 kernel: pps_core: LinuxPPS API ver. 1 registered
Feb 21 08:17:50 ip-172-31-24-21 kernel: pps_core: Software ver. 5.3.6 - Copyright 2005-2007 Rodolfo Giometti <giometti@linux.it>
Feb 21 08:17:50 ip-172-31-24-21 kernel: PTP clock support registered
Feb 21 08:17:50 ip-172-31-24-21 kernel: EDAC MC: Ver: 3.0.0
Feb 21 08:17:50 ip-172-31-24-21 kernel: Registered efivars operations
Feb 21 08:17:50 ip-172-31-24-21 kernel: NetLabel: Initializing
Feb 21 08:17:50 ip-172-31-24-21 kernel: NetLabel:  domain hash size = 128
Feb 21 08:17:50 ip-172-31-24-21 kernel: NetLabel:  protocols = UNLABELED CIPSOv4 CALIPSO
Feb 21 08:17:50 ip-172-31-24-21 kernel: NetLabel:  unlabeled traffic allowed by default
Feb 21 08:17:50 ip-172-31-24-21 kernel: PCI: Using ACPI for IRQ routing
Feb 21 08:17:50 ip-172-31-24-21 kernel: hpet0: at MMIO 0xfed00000, IRQs 2, 8, 0, 0, 0, 0, 0, 0
Feb 21 08:17:50 ip-172-31-24-21 kernel: hpet0: 8 comparators, 32-bit 62.500000 MHz counter
Feb 21 08:17:50 ip-172-31-24-21 kernel: clocksource: Switched to clocksource kvm-clock
Feb 21 08:17:50 ip-172-31-24-21 kernel: VFS: Disk quotas dquot_6.6.0
Feb 21 08:17:50 ip-172-31-24-21 kernel: VFS: Dquot-cache hash table entries: 512 (order 0, 4096 bytes)
Feb 21 08:17:50 ip-172-31-24-21 kernel: pnp: PnP ACPI init
Feb 21 08:17:50 ip-172-31-24-21 kernel: pnp: PnP ACPI: found 5 devices
Feb 21 08:17:50 ip-172-31-24-21 kernel: clocksource: acpi_pm: mask: 0xffffff max_cycles: 0xffffff, max_idle_ns: 2085701024 ns
Feb 21 08:17:50 ip-172-31-24-21 kernel: NET: Registered PF_INET protocol family
Feb 21 08:17:50 ip-172-31-24-21 kernel: IP idents hash table entries: 16384 (order: 5, 131072 bytes, linear)
Feb 21 08:17:50 ip-172-31-24-21 kernel: tcp_listen_portaddr_hash hash table entries: 512 (order: 1, 8192 bytes, linear)
Feb 21 08:17:50 ip-172-31-24-21 kernel: Table-perturb hash table entries: 65536 (order: 6, 262144 bytes, linear)
Feb 21 08:17:50 ip-172-31-24-21 kernel: TCP established hash table entries: 8192 (order: 4, 65536 bytes, linear)
Feb 21 08:17:50 ip-172-31-24-21 kernel: TCP bind hash table entries: 8192 (order: 6, 262144 bytes, linear)
Feb 21 08:17:50 ip-172-31-24-21 kernel: TCP: Hash tables configured (established 8192 bind 8192)
Feb 21 08:17:50 ip-172-31-24-21 kernel: MPTCP token hash table entries: 1024 (order: 3, 24576 bytes, linear)
Feb 21 08:17:50 ip-172-31-24-21 kernel: UDP hash table entries: 512 (order: 2, 16384 bytes, linear)
Feb 21 08:17:50 ip-172-31-24-21 kernel: UDP-Lite hash table entries: 512 (order: 2, 16384 bytes, linear)
Feb 21 08:17:50 ip-172-31-24-21 kernel: NET: Registered PF_UNIX/PF_LOCAL protocol family
Feb 21 08:17:50 ip-172-31-24-21 kernel: NET: Registered PF_XDP protocol family
Feb 21 08:17:50 ip-172-31-24-21 kernel: pci_bus 0000:00: resource 4 [io  0x0000-0x0cf7 window]
Feb 21 08:17:50 ip-172-31-24-21 kernel: pci_bus 0000:00: resource 5 [io  0x0d00-0xffff window]
Feb 21 08:17:50 ip-172-31-24-21 kernel: pci_bus 0000:00: resource 6 [mem 0x000a0000-0x000bffff window]
Feb 21 08:17:50 ip-172-31-24-21 kernel: pci_bus 0000:00: resource 7 [mem 0x80000000-0xfebfffff window]
Feb 21 08:17:50 ip-172-31-24-21 kernel: pci_bus 0000:00: resource 8 [mem 0x100000000-0x2000ffffffff window]
Feb 21 08:17:50 ip-172-31-24-21 kernel: pci 0000:00:00.0: Limiting direct PCI/PCI transfers
Feb 21 08:17:50 ip-172-31-24-21 kernel: PCI: CLS 0 bytes, default 64
Feb 21 08:17:50 ip-172-31-24-21 kernel: clocksource: tsc: mask: 0xffffffffffffffff max_cycles: 0x24093623c91, max_idle_ns: 440795291220 ns
Feb 21 08:17:50 ip-172-31-24-21 kernel: Trying to unpack rootfs image as initramfs...
Feb 21 08:17:50 ip-172-31-24-21 kernel: clocksource: Switched to clocksource tsc
Feb 21 08:17:50 ip-172-31-24-21 kernel: Initialise system trusted keyrings
Feb 21 08:17:50 ip-172-31-24-21 kernel: Key type blacklist registered
Feb 21 08:17:50 ip-172-31-24-21 kernel: workingset: timestamp_bits=36 max_order=18 bucket_order=0
Feb 21 08:17:50 ip-172-31-24-21 kernel: zbud: loaded
Feb 21 08:17:50 ip-172-31-24-21 kernel: SGI XFS with ACLs, security attributes, quota, no debug enabled
Feb 21 08:17:50 ip-172-31-24-21 kernel: integrity: Platform Keyring initialized
Feb 21 08:17:50 ip-172-31-24-21 kernel: Key type asymmetric registered
Feb 21 08:17:50 ip-172-31-24-21 kernel: Asymmetric key parser 'x509' registered
Feb 21 08:17:50 ip-172-31-24-21 kernel: Block layer SCSI generic (bsg) driver version 0.4 loaded (major 248)
Feb 21 08:17:50 ip-172-31-24-21 kernel: io scheduler mq-deadline registered
Feb 21 08:17:50 ip-172-31-24-21 kernel: io scheduler kyber registered
Feb 21 08:17:50 ip-172-31-24-21 kernel: io scheduler bfq registered
Feb 21 08:17:50 ip-172-31-24-21 kernel: shpchp: Standard Hot Plug PCI Controller Driver version: 0.4
Feb 21 08:17:50 ip-172-31-24-21 kernel: Serial: 8250/16550 driver, 4 ports, IRQ sharing disabled
Feb 21 08:17:50 ip-172-31-24-21 kernel: 00:04: ttyS0 at I/O 0x3f8 (irq = 4, base_baud = 115200) is a 16550A
Feb 21 08:17:50 ip-172-31-24-21 kernel: AMD-Vi: AMD IOMMUv2 functionality not available on this system - This is not a bug.
Feb 21 08:17:50 ip-172-31-24-21 kernel: nvme nvme0: pci function 0000:00:04.0
Feb 21 08:17:50 ip-172-31-24-21 kernel: rtc_cmos 00:00: RTC can wake from S4
Feb 21 08:17:50 ip-172-31-24-21 kernel: ACPI: \_SB_.LNKD: Enabled at IRQ 11
Feb 21 08:17:50 ip-172-31-24-21 kernel: rtc_cmos 00:00: registered as rtc0
Feb 21 08:17:50 ip-172-31-24-21 kernel: rtc_cmos 00:00: setting system clock to 2026-02-21T08:17:50 UTC (1771661870)
Feb 21 08:17:50 ip-172-31-24-21 kernel: rtc_cmos 00:00: alarms up to one day, 114 bytes nvram
Feb 21 08:17:50 ip-172-31-24-21 kernel: intel_pstate: CPU model not supported
Feb 21 08:17:50 ip-172-31-24-21 kernel: pstore: Registered efi as persistent store backend
Feb 21 08:17:50 ip-172-31-24-21 kernel: hid: raw HID events driver (C) Jiri Kosina
Feb 21 08:17:50 ip-172-31-24-21 kernel: nvme nvme0: 2/0/0 default/read/poll queues
Feb 21 08:17:50 ip-172-31-24-21 kernel: NET: Registered PF_INET6 protocol family
Feb 21 08:17:50 ip-172-31-24-21 kernel: nvme0n1: p1 p127 p128
Feb 21 08:17:50 ip-172-31-24-21 kernel: Freeing initrd memory: 20052K
Feb 21 08:17:50 ip-172-31-24-21 kernel: Segment Routing with IPv6
Feb 21 08:17:50 ip-172-31-24-21 kernel: In-situ OAM (IOAM) with IPv6
Feb 21 08:17:50 ip-172-31-24-21 kernel: NET: Registered PF_PACKET protocol family
Feb 21 08:17:50 ip-172-31-24-21 kernel: IPI shorthand broadcast: enabled
Feb 21 08:17:50 ip-172-31-24-21 kernel: AVX2 version of gcm_enc/dec engaged.
Feb 21 08:17:50 ip-172-31-24-21 kernel: AES CTR mode by8 optimization enabled
Feb 21 08:17:50 ip-172-31-24-21 kernel: sched_clock: Marking stable (211687950, 3870859)->(239639934, -24081125)
Feb 21 08:17:50 ip-172-31-24-21 kernel: registered taskstats version 1
Feb 21 08:17:50 ip-172-31-24-21 kernel: Loading compiled-in X.509 certificates
Feb 21 08:17:50 ip-172-31-24-21 kernel: Loaded X.509 cert 'Amazon.com: Amazon Linux Kernel Signing Key: f9fd1870c90fc33ea02cf63f2574498ae1b6400a'
Feb 21 08:17:50 ip-172-31-24-21 kernel: zswap: loaded using pool lzo/zbud
Feb 21 08:17:50 ip-172-31-24-21 kernel: Key type .fscrypt registered
Feb 21 08:17:50 ip-172-31-24-21 kernel: Key type fscrypt-provisioning registered
Feb 21 08:17:50 ip-172-31-24-21 kernel: pstore: Using crash dump compression: deflate
Feb 21 08:17:50 ip-172-31-24-21 kernel: ima: No TPM chip found, activating TPM-bypass!
Feb 21 08:17:50 ip-172-31-24-21 kernel: ima: Allocated hash algorithm: sha256
Feb 21 08:17:50 ip-172-31-24-21 kernel: ima: No architecture policies found
Feb 21 08:17:50 ip-172-31-24-21 kernel: clk: Disabling unused clocks
Feb 21 08:17:50 ip-172-31-24-21 kernel: Freeing unused decrypted memory: 2036K
Feb 21 08:17:50 ip-172-31-24-21 kernel: Freeing unused kernel image (initmem) memory: 2452K
Feb 21 08:17:50 ip-172-31-24-21 kernel: Write protecting the kernel read-only data: 26624k
Feb 21 08:17:50 ip-172-31-24-21 kernel: Freeing unused kernel image (text/rodata gap) memory: 2036K
Feb 21 08:17:50 ip-172-31-24-21 kernel: Freeing unused kernel image (rodata/data gap) memory: 1320K
Feb 21 08:17:50 ip-172-31-24-21 kernel: Run /init as init process
Feb 21 08:17:50 ip-172-31-24-21 systemd[1]: systemd 252.23-11.amzn2023 running in system mode (+PAM +AUDIT +SELINUX -APPARMOR +IMA +SMACK +SECCOMP -GCRYPT -GNUTLS +OPENSSL +ACL +BLKID +CURL +ELFUTILS +FIDO2 +IDN2 -IDN -IPTC +KMOD +LIBCRYPTSETUP +LIBFDISK +PCRE2 +PWQUALITY +P11KIT +QRENCODE +TPM2 -BZIP2 -LZ4 +XZ +ZLIB -ZSTD +BPF_FRAMEWORK +XKBCOMMON +UTMP +SYSVINIT default-hierarchy=unified)
Feb 21 08:17:50 ip-172-31-24-21 systemd[1]: Detected virtualization amazon.
Feb 21 08:17:50 ip-172-31-24-21 systemd[1]: Detected architecture x86-64.
Feb 21 08:17:50 ip-172-31-24-21 systemd[1]: Running in initrd.
Feb 21 08:17:50 ip-172-31-24-21 systemd[1]: No hostname configured, using default hostname.
Feb 21 08:17:50 ip-172-31-24-21 systemd[1]: Hostname set to <localhost>.
Feb 21 08:17:50 ip-172-31-24-21 systemd[1]: Initializing machine ID from VM UUID.
Feb 21 08:17:50 ip-172-31-24-21 systemd[1]: Queued start job for default target initrd.target.
Feb 21 08:17:50 ip-172-31-24-21 systemd[1]: Started systemd-ask-password-console.path - Dispatch Password Requests to Console Directory Watch.
Feb 21 08:17:50 ip-172-31-24-21 systemd[1]: Expecting device dev-disk-by\x2duuid-7813e2d4\x2d9cdc\x2d416a\x2da749\x2d25de8a9f36d0.device - /dev/disk/by-uuid/7813e2d4-9cdc-416a-a749-25de8a9f36d0...
Feb 21 08:17:50 ip-172-31-24-21 systemd[1]: Reached target initrd-usr-fs.target - Initrd /usr File System.
Feb 21 08:17:50 ip-172-31-24-21 systemd[1]: Reached target local-fs.target - Local File Systems.
Feb 21 08:17:50 ip-172-31-24-21 systemd[1]: Reached target paths.target - Path Units.
Feb 21 08:17:50 ip-172-31-24-21 systemd[1]: Reached target slices.target - Slice Units.
Feb 21 08:17:50 ip-172-31-24-21 systemd[1]: Reached target swap.target - Swaps.
Feb 21 08:17:50 ip-172-31-24-21 systemd[1]: Reached target timers.target - Timer Units.
Feb 21 08:17:50 ip-172-31-24-21 systemd[1]: Listening on systemd-journald-audit.socket - Journal Audit Socket.
Feb 21 08:17:50 ip-172-31-24-21 systemd[1]: Listening on systemd-journald-dev-log.socket - Journal Socket (/dev/log).
Feb 21 08:17:50 ip-172-31-24-21 systemd[1]: Listening on systemd-journald.socket - Journal Socket.
Feb 21 08:17:50 ip-172-31-24-21 systemd[1]: Listening on systemd-udevd-control.socket - udev Control Socket.
Feb 21 08:17:50 ip-172-31-24-21 systemd[1]: Listening on systemd-udevd-kernel.socket - udev Kernel Socket.
Feb 21 08:17:50 ip-172-31-24-21 systemd[1]: Reached target sockets.target - Socket Units.
Feb 21 08:17:50 ip-172-31-24-21 systemd[1]: kmod-static-nodes.service - Create List of Static Device Nodes was skipped because of an unmet condition check (ConditionFileNotEmpty=/lib/modules/6.1.161-183.298.amzn2023.x86_64/modules.devname).
Feb 21 08:17:50 ip-172-31-24-21 systemd[1]: Starting systemd-journald.service - Journal Service...
Feb 21 08:17:50 ip-172-31-24-21 systemd[1]: systemd-modules-load.service - Load Kernel Modules was skipped because no trigger condition checks were met.
Feb 21 08:17:50 ip-172-31-24-21 systemd[1]: Starting systemd-sysctl.service - Apply Kernel Variables...
Feb 21 08:17:50 ip-172-31-24-21 systemd[1]: Starting systemd-sysusers.service - Create System Users...
Feb 21 08:17:50 ip-172-31-24-21 systemd[1]: Starting systemd-vconsole-setup.service - Setup Virtual Console...
Feb 21 08:17:50 ip-172-31-24-21 systemd[1]: Finished systemd-vconsole-setup.service - Setup Virtual Console.
Feb 21 08:17:50 ip-172-31-24-21 systemd[1]: dracut-cmdline-ask.service - dracut ask for additional cmdline parameters was skipped because no trigger condition checks were met.
Feb 21 08:17:50 ip-172-31-24-21 systemd[1]: Starting dracut-cmdline.service - dracut cmdline hook...
Feb 21 08:17:50 ip-172-31-24-21 systemd-journald[342]: Journal started
Feb 21 08:17:50 ip-172-31-24-21 systemd-journald[342]: Runtime Journal (/run/log/journal/ec24a8aa7ea81f46286e944a60d8ab87) is 2.2M, max 18.3M, 16.0M free.
Feb 21 08:17:50 ip-172-31-24-21 audit[1]: SERVICE_START pid=1 uid=0 auid=4294967295 ses=4294967295 subj=kernel msg='unit=systemd-journald comm="systemd" exe="/usr/lib/systemd/systemd" hostname=? addr=? terminal=? res=success'
Feb 21 08:17:50 ip-172-31-24-21 systemd-sysusers[344]: Creating group 'nobody' with GID 65534.
Feb 21 08:17:50 ip-172-31-24-21 systemd-sysusers[344]: Creating group 'users' with GID 100.
Feb 21 08:17:50 ip-172-31-24-21 systemd-sysusers[344]: Creating group 'systemd-journal' with GID 190.
Feb 21 08:17:50 ip-172-31-24-21 audit[1]: SERVICE_START pid=1 uid=0 auid=4294967295 ses=4294967295 subj=kernel msg='unit=systemd-sysusers comm="systemd" exe="/usr/lib/systemd/systemd" hostname=? addr=? terminal=? res=success'
Feb 21 08:17:50 ip-172-31-24-21 systemd[1]: Finished systemd-sysusers.service - Create System Users.
Feb 21 08:17:50 ip-172-31-24-21 systemd[1]: Starting systemd-tmpfiles-setup-dev.service - Create Static Device Nodes in /dev...
Feb 21 08:17:50 ip-172-31-24-21 systemd[1]: Starting systemd-tmpfiles-setup.service - Create Volatile Files and Directories...
Feb 21 08:17:50 ip-172-31-24-21 systemd[1]: Started systemd-journald.service - Journal Service.
Feb 21 08:17:50 ip-172-31-24-21 kernel: audit: type=1130 audit(1771661870.930:2): pid=1 uid=0 auid=4294967295 ses=4294967295 subj=kernel msg='unit=systemd-journald comm="systemd" exe="/usr/lib/systemd/systemd" hostname=? addr=? terminal=? res=success'
Feb 21 08:17:50 ip-172-31-24-21 kernel: audit: type=1130 audit(1771661870.930:3): pid=1 uid=0 auid=4294967295 ses=4294967295 subj=kernel msg='unit=systemd-sysusers comm="systemd" exe="/usr/lib/systemd/systemd" hostname=? addr=? terminal=? res=success'
Feb 21 08:17:50 ip-172-31-24-21 systemd-tmpfiles[358]: /usr/lib/tmpfiles.d/var.conf:14: Duplicate line for path "/var/log", ignoring.
Feb 21 08:17:50 ip-172-31-24-21 audit[1]: SERVICE_START pid=1 uid=0 auid=4294967295 ses=4294967295 subj=kernel msg='unit=systemd-tmpfiles-setup-dev comm="systemd" exe="/usr/lib/systemd/systemd" hostname=? addr=? terminal=? res=success'
Feb 21 08:17:50 ip-172-31-24-21 systemd[1]: Finished systemd-tmpfiles-setup-dev.service - Create Static Device Nodes in /dev.
Feb 21 08:17:50 ip-172-31-24-21 audit[1]: SERVICE_START pid=1 uid=0 auid=4294967295 ses=4294967295 subj=kernel msg='unit=systemd-sysctl comm="systemd" exe="/usr/lib/systemd/systemd" hostname=? addr=? terminal=? res=success'
Feb 21 08:17:50 ip-172-31-24-21 audit[1]: SERVICE_START pid=1 uid=0 auid=4294967295 ses=4294967295 subj=kernel msg='unit=systemd-tmpfiles-setup comm="systemd" exe="/usr/lib/systemd/systemd" hostname=? addr=? terminal=? res=success'
Feb 21 08:17:50 ip-172-31-24-21 systemd[1]: Finished systemd-sysctl.service - Apply Kernel Variables.
Feb 21 08:17:50 ip-172-31-24-21 systemd[1]: Finished systemd-tmpfiles-setup.service - Create Volatile Files and Directories.
Feb 21 08:17:50 ip-172-31-24-21 dracut-cmdline[346]: dracut-102-3.amzn2023.0.2
Feb 21 08:17:50 ip-172-31-24-21 kernel: audit: type=1130 audit(1771661870.940:4): pid=1 uid=0 auid=4294967295 ses=4294967295 subj=kernel msg='unit=systemd-tmpfiles-setup-dev comm="systemd" exe="/usr/lib/systemd/systemd" hostname=? addr=? terminal=? res=success'
Feb 21 08:17:50 ip-172-31-24-21 kernel: audit: type=1130 audit(1771661870.940:5): pid=1 uid=0 auid=4294967295 ses=4294967295 subj=kernel msg='unit=systemd-sysctl comm="systemd" exe="/usr/lib/systemd/systemd" hostname=? addr=? terminal=? res=success'
Feb 21 08:17:50 ip-172-31-24-21 kernel: audit: type=1130 audit(1771661870.940:6): pid=1 uid=0 auid=4294967295 ses=4294967295 subj=kernel msg='unit=systemd-tmpfiles-setup comm="systemd" exe="/usr/lib/systemd/systemd" hostname=? addr=? terminal=? res=success'
Feb 21 08:17:50 ip-172-31-24-21 dracut-cmdline[346]: Using kernel command line parameters:    BOOT_IMAGE=(hd0,gpt1)/boot/vmlinuz-6.1.161-183.298.amzn2023.x86_64 root=UUID=7813e2d4-9cdc-416a-a749-25de8a9f36d0 ro console=tty0 console=ttyS0,115200n8 nvme_core.io_timeout=4294967295 rd.emergency=poweroff rd.shell=0 selinux=1 security=selinux quiet
Feb 21 08:17:50 ip-172-31-24-21 audit[1]: SERVICE_START pid=1 uid=0 auid=4294967295 ses=4294967295 subj=kernel msg='unit=dracut-cmdline comm="systemd" exe="/usr/lib/systemd/systemd" hostname=? addr=? terminal=? res=success'
Feb 21 08:17:50 ip-172-31-24-21 audit: BPF prog-id=6 op=LOAD
Feb 21 08:17:50 ip-172-31-24-21 audit: BPF prog-id=7 op=LOAD
Feb 21 08:17:50 ip-172-31-24-21 systemd[1]: Finished dracut-cmdline.service - dracut cmdline hook.
Feb 21 08:17:50 ip-172-31-24-21 systemd[1]: dracut-pre-udev.service - dracut pre-udev hook was skipped because no trigger condition checks were met.
Feb 21 08:17:50 ip-172-31-24-21 kernel: audit: type=1130 audit(1771661870.980:7): pid=1 uid=0 auid=4294967295 ses=4294967295 subj=kernel msg='unit=dracut-cmdline comm="systemd" exe="/usr/lib/systemd/systemd" hostname=? addr=? terminal=? res=success'
Feb 21 08:17:50 ip-172-31-24-21 kernel: audit: type=1334 audit(1771661870.980:8): prog-id=6 op=LOAD
Feb 21 08:17:50 ip-172-31-24-21 kernel: audit: type=1334 audit(1771661870.980:9): prog-id=7 op=LOAD
Feb 21 08:17:51 ip-172-31-24-21 systemd[1]: Starting systemd-udevd.service - Rule-based Manager for Device Events and Files...
Feb 21 08:17:51 ip-172-31-24-21 systemd-udevd[406]: Using default interface naming scheme 'v252'.
Feb 21 08:17:51 ip-172-31-24-21 systemd[1]: Started systemd-udevd.service - Rule-based Manager for Device Events and Files.
Feb 21 08:17:51 ip-172-31-24-21 audit[1]: SERVICE_START pid=1 uid=0 auid=4294967295 ses=4294967295 subj=kernel msg='unit=systemd-udevd comm="systemd" exe="/usr/lib/systemd/systemd" hostname=? addr=? terminal=? res=success'
Feb 21 08:17:51 ip-172-31-24-21 systemd[1]: Starting dracut-pre-trigger.service - dracut pre-trigger hook...
Feb 21 08:17:51 ip-172-31-24-21 kernel: audit: type=1130 audit(1771661871.030:10): pid=1 uid=0 auid=4294967295 ses=4294967295 subj=kernel msg='unit=systemd-udevd comm="systemd" exe="/usr/lib/systemd/systemd" hostname=? addr=? terminal=? res=success'
Feb 21 08:17:51 ip-172-31-24-21 systemd[1]: Finished dracut-pre-trigger.service - dracut pre-trigger hook.
Feb 21 08:17:51 ip-172-31-24-21 audit[1]: SERVICE_START pid=1 uid=0 auid=4294967295 ses=4294967295 subj=kernel msg='unit=dracut-pre-trigger comm="systemd" exe="/usr/lib/systemd/systemd" hostname=? addr=? terminal=? res=success'
Feb 21 08:17:51 ip-172-31-24-21 systemd[1]: Starting systemd-udev-trigger.service - Coldplug All udev Devices...
Feb 21 08:17:51 ip-172-31-24-21 systemd[1]: Finished systemd-udev-trigger.service - Coldplug All udev Devices.
Feb 21 08:17:51 ip-172-31-24-21 systemd[1]: Reached target sysinit.target - System Initialization.
Feb 21 08:17:51 ip-172-31-24-21 systemd[1]: Reached target basic.target - Basic System.
Feb 21 08:17:51 ip-172-31-24-21 systemd[1]: dracut-initqueue.service - dracut initqueue hook was skipped because no trigger condition checks were met.
Feb 21 08:17:51 ip-172-31-24-21 systemd[1]: Reached target remote-fs-pre.target - Preparation for Remote File Systems.
Feb 21 08:17:51 ip-172-31-24-21 systemd[1]: Reached target remote-fs.target - Remote File Systems.
Feb 21 08:17:51 ip-172-31-24-21 systemd[1]: dracut-pre-mount.service - dracut pre-mount hook was skipped because no trigger condition checks were met.
Feb 21 08:17:51 ip-172-31-24-21 systemd[1]: Started rngd.service - Hardware RNG Entropy Gatherer Daemon.
Feb 21 08:17:51 ip-172-31-24-21 audit[1]: SERVICE_START pid=1 uid=0 auid=4294967295 ses=4294967295 subj=kernel msg='unit=systemd-udev-trigger comm="systemd" exe="/usr/lib/systemd/systemd" hostname=? addr=? terminal=? res=success'
Feb 21 08:17:51 ip-172-31-24-21 audit[1]: SERVICE_START pid=1 uid=0 auid=4294967295 ses=4294967295 subj=kernel msg='unit=rngd comm="systemd" exe="/usr/lib/systemd/systemd" hostname=? addr=? terminal=? res=success'
Feb 21 08:17:51 ip-172-31-24-21 rngd[570]: Disabling 7: PKCS11 Entropy generator (pkcs11)
Feb 21 08:17:51 ip-172-31-24-21 rngd[570]: Disabling 5: NIST Network Entropy Beacon (nist)
Feb 21 08:17:51 ip-172-31-24-21 rngd[570]: Initializing available sources
Feb 21 08:17:51 ip-172-31-24-21 rngd[570]: [hwrng ]: Initialization Failed
Feb 21 08:17:51 ip-172-31-24-21 rngd[570]: [rdrand]: Enabling RDSEED rng support
Feb 21 08:17:51 ip-172-31-24-21 rngd[570]: [rdrand]: Initialized
Feb 21 08:17:51 ip-172-31-24-21 rngd[570]: [jitter]: JITTER timeout set to 5 sec
Feb 21 08:17:51 ip-172-31-24-21 rngd[570]: [jitter]: Initializing AES buffer
Feb 21 08:17:51 ip-172-31-24-21 systemd[1]: Found device dev-disk-by\x2duuid-7813e2d4\x2d9cdc\x2d416a\x2da749\x2d25de8a9f36d0.device - Amazon Elastic Block Store /.
Feb 21 08:17:51 ip-172-31-24-21 systemd[1]: Reached target initrd-root-device.target - Initrd Root Device.
Feb 21 08:17:51 ip-172-31-24-21 systemd[1]: Mounting sysroot.mount - /sysroot...
Feb 21 08:17:51 ip-172-31-24-21 kernel: XFS (nvme0n1p1): Mounting V5 Filesystem
Feb 21 08:17:51 ip-172-31-24-21 systemd[1]: Mounted sysroot.mount - /sysroot.
Feb 21 08:17:51 ip-172-31-24-21 systemd[1]: Reached target initrd-root-fs.target - Initrd Root File System.
Feb 21 08:17:51 ip-172-31-24-21 kernel: XFS (nvme0n1p1): Ending clean mount
Feb 21 08:17:51 ip-172-31-24-21 systemd[1]: Starting initrd-parse-etc.service - Mountpoints Configured in the Real Root...
Feb 21 08:17:51 ip-172-31-24-21 systemd[1]: initrd-parse-etc.service: Deactivated successfully.
Feb 21 08:17:51 ip-172-31-24-21 systemd[1]: Finished initrd-parse-etc.service - Mountpoints Configured in the Real Root.
Feb 21 08:17:51 ip-172-31-24-21 audit[1]: SERVICE_START pid=1 uid=0 auid=4294967295 ses=4294967295 subj=kernel msg='unit=initrd-parse-etc comm="systemd" exe="/usr/lib/systemd/systemd" hostname=? addr=? terminal=? res=success'
Feb 21 08:17:51 ip-172-31-24-21 audit[1]: SERVICE_STOP pid=1 uid=0 auid=4294967295 ses=4294967295 subj=kernel msg='unit=initrd-parse-etc comm="systemd" exe="/usr/lib/systemd/systemd" hostname=? addr=? terminal=? res=success'
Feb 21 08:17:51 ip-172-31-24-21 systemd[1]: Reached target initrd-fs.target - Initrd File Systems.
Feb 21 08:17:51 ip-172-31-24-21 systemd[1]: Reached target initrd.target - Initrd Default Target.
Feb 21 08:17:51 ip-172-31-24-21 systemd[1]: dracut-mount.service - dracut mount hook was skipped because no trigger condition checks were met.
Feb 21 08:17:51 ip-172-31-24-21 systemd[1]: dracut-pre-pivot.service - dracut pre-pivot and cleanup hook was skipped because no trigger condition checks were met.
Feb 21 08:17:51 ip-172-31-24-21 systemd[1]: Starting initrd-cleanup.service - Cleaning Up and Shutting Down Daemons...
Feb 21 08:17:51 ip-172-31-24-21 systemd[1]: initrd-cleanup.service: Deactivated successfully.
Feb 21 08:17:51 ip-172-31-24-21 systemd[1]: Finished initrd-cleanup.service - Cleaning Up and Shutting Down Daemons.
Feb 21 08:17:51 ip-172-31-24-21 audit[1]: SERVICE_START pid=1 uid=0 auid=4294967295 ses=4294967295 subj=kernel msg='unit=initrd-cleanup comm="systemd" exe="/usr/lib/systemd/systemd" hostname=? addr=? terminal=? res=success'
Feb 21 08:17:51 ip-172-31-24-21 audit[1]: SERVICE_STOP pid=1 uid=0 auid=4294967295 ses=4294967295 subj=kernel msg='unit=initrd-cleanup comm="systemd" exe="/usr/lib/systemd/systemd" hostname=? addr=? terminal=? res=success'
Feb 21 08:17:51 ip-172-31-24-21 systemd[1]: Stopped target initrd.target - Initrd Default Target.
Feb 21 08:17:51 ip-172-31-24-21 systemd[1]: Stopped target initrd-root-device.target - Initrd Root Device.
Feb 21 08:17:51 ip-172-31-24-21 systemd[1]: Stopped target initrd-usr-fs.target - Initrd /usr File System.
Feb 21 08:17:51 ip-172-31-24-21 systemd[1]: Stopped target remote-fs.target - Remote File Systems.
Feb 21 08:17:51 ip-172-31-24-21 systemd[1]: Stopped target remote-fs-pre.target - Preparation for Remote File Systems.
Feb 21 08:17:51 ip-172-31-24-21 systemd[1]: Stopped target timers.target - Timer Units.
Feb 21 08:17:51 ip-172-31-24-21 systemd[1]: dracut-cmdline.service: Deactivated successfully.
Feb 21 08:17:51 ip-172-31-24-21 systemd[1]: Stopped dracut-cmdline.service - dracut cmdline hook.
Feb 21 08:17:51 ip-172-31-24-21 audit[1]: SERVICE_STOP pid=1 uid=0 auid=4294967295 ses=4294967295 subj=kernel msg='unit=dracut-cmdline comm="systemd" exe="/usr/lib/systemd/systemd" hostname=? addr=? terminal=? res=success'
Feb 21 08:17:51 ip-172-31-24-21 systemd[1]: Stopping rngd.service - Hardware RNG Entropy Gatherer Daemon...
Feb 21 08:17:51 ip-172-31-24-21 systemd[1]: systemd-vconsole-setup.service: Deactivated successfully.
Feb 21 08:17:51 ip-172-31-24-21 systemd[1]: Stopped systemd-vconsole-setup.service - Setup Virtual Console.
Feb 21 08:17:51 ip-172-31-24-21 audit[1]: SERVICE_STOP pid=1 uid=0 auid=4294967295 ses=4294967295 subj=kernel msg='unit=systemd-vconsole-setup comm="systemd" exe="/usr/lib/systemd/systemd" hostname=? addr=? terminal=? res=success'
Feb 21 08:17:51 ip-172-31-24-21 systemd[1]: rngd.service: Deactivated successfully.
Feb 21 08:17:51 ip-172-31-24-21 systemd[1]: Stopped rngd.service - Hardware RNG Entropy Gatherer Daemon.
Feb 21 08:17:51 ip-172-31-24-21 audit[1]: SERVICE_STOP pid=1 uid=0 auid=4294967295 ses=4294967295 subj=kernel msg='unit=rngd comm="systemd" exe="/usr/lib/systemd/systemd" hostname=? addr=? terminal=? res=success'
Feb 21 08:17:51 ip-172-31-24-21 systemd[1]: Stopped target basic.target - Basic System.
Feb 21 08:17:51 ip-172-31-24-21 systemd[1]: Stopped target paths.target - Path Units.
Feb 21 08:17:51 ip-172-31-24-21 systemd[1]: systemd-ask-password-console.path: Deactivated successfully.
Feb 21 08:17:51 ip-172-31-24-21 systemd[1]: Stopped systemd-ask-password-console.path - Dispatch Password Requests to Console Directory Watch.
Feb 21 08:17:51 ip-172-31-24-21 systemd[1]: Stopped target slices.target - Slice Units.
Feb 21 08:17:51 ip-172-31-24-21 systemd[1]: Stopped target sockets.target - Socket Units.
Feb 21 08:17:51 ip-172-31-24-21 systemd[1]: Stopped target sysinit.target - System Initialization.
Feb 21 08:17:51 ip-172-31-24-21 systemd[1]: Stopped target swap.target - Swaps.
Feb 21 08:17:51 ip-172-31-24-21 systemd[1]: systemd-sysctl.service: Deactivated successfully.
Feb 21 08:17:51 ip-172-31-24-21 systemd[1]: Stopped systemd-sysctl.service - Apply Kernel Variables.
Feb 21 08:17:51 ip-172-31-24-21 audit[1]: SERVICE_STOP pid=1 uid=0 auid=4294967295 ses=4294967295 subj=kernel msg='unit=systemd-sysctl comm="systemd" exe="/usr/lib/systemd/systemd" hostname=? addr=? terminal=? res=success'
Feb 21 08:17:51 ip-172-31-24-21 systemd[1]: systemd-tmpfiles-setup.service: Deactivated successfully.
Feb 21 08:17:51 ip-172-31-24-21 systemd[1]: Stopped systemd-tmpfiles-setup.service - Create Volatile Files and Directories.
Feb 21 08:17:51 ip-172-31-24-21 audit[1]: SERVICE_STOP pid=1 uid=0 auid=4294967295 ses=4294967295 subj=kernel msg='unit=systemd-tmpfiles-setup comm="systemd" exe="/usr/lib/systemd/systemd" hostname=? addr=? terminal=? res=success'
Feb 21 08:17:51 ip-172-31-24-21 systemd[1]: Stopped target local-fs.target - Local File Systems.
Feb 21 08:17:51 ip-172-31-24-21 systemd[1]: systemd-udev-trigger.service: Deactivated successfully.
Feb 21 08:17:51 ip-172-31-24-21 systemd[1]: Stopped systemd-udev-trigger.service - Coldplug All udev Devices.
Feb 21 08:17:51 ip-172-31-24-21 audit[1]: SERVICE_STOP pid=1 uid=0 auid=4294967295 ses=4294967295 subj=kernel msg='unit=systemd-udev-trigger comm="systemd" exe="/usr/lib/systemd/systemd" hostname=? addr=? terminal=? res=success'
Feb 21 08:17:51 ip-172-31-24-21 systemd[1]: dracut-pre-trigger.service: Deactivated successfully.
Feb 21 08:17:51 ip-172-31-24-21 systemd[1]: Stopped dracut-pre-trigger.service - dracut pre-trigger hook.
Feb 21 08:17:51 ip-172-31-24-21 audit[1]: SERVICE_STOP pid=1 uid=0 auid=4294967295 ses=4294967295 subj=kernel msg='unit=dracut-pre-trigger comm="systemd" exe="/usr/lib/systemd/systemd" hostname=? addr=? terminal=? res=success'
Feb 21 08:17:51 ip-172-31-24-21 systemd[1]: Stopping systemd-udevd.service - Rule-based Manager for Device Events and Files...
Feb 21 08:17:51 ip-172-31-24-21 systemd[1]: run-credentials-systemd\x2dtmpfiles\x2dsetup.service.mount: Deactivated successfully.
Feb 21 08:17:51 ip-172-31-24-21 systemd[1]: run-credentials-systemd\x2dsysctl.service.mount: Deactivated successfully.
Feb 21 08:17:51 ip-172-31-24-21 systemd[1]: systemd-udevd.service: Deactivated successfully.
Feb 21 08:17:51 ip-172-31-24-21 systemd[1]: Stopped systemd-udevd.service - Rule-based Manager for Device Events and Files.
Feb 21 08:17:51 ip-172-31-24-21 audit[1]: SERVICE_STOP pid=1 uid=0 auid=4294967295 ses=4294967295 subj=kernel msg='unit=systemd-udevd comm="systemd" exe="/usr/lib/systemd/systemd" hostname=? addr=? terminal=? res=success'
Feb 21 08:17:51 ip-172-31-24-21 systemd[1]: systemd-udevd-control.socket: Deactivated successfully.
Feb 21 08:17:51 ip-172-31-24-21 systemd[1]: Closed systemd-udevd-control.socket - udev Control Socket.
Feb 21 08:17:51 ip-172-31-24-21 systemd[1]: systemd-udevd-kernel.socket: Deactivated successfully.
Feb 21 08:17:51 ip-172-31-24-21 systemd[1]: Closed systemd-udevd-kernel.socket - udev Kernel Socket.
Feb 21 08:17:51 ip-172-31-24-21 audit[1]: SERVICE_STOP pid=1 uid=0 auid=4294967295 ses=4294967295 subj=kernel msg='unit=systemd-tmpfiles-setup-dev comm="systemd" exe="/usr/lib/systemd/systemd" hostname=? addr=? terminal=? res=success'
Feb 21 08:17:51 ip-172-31-24-21 audit[1]: SERVICE_STOP pid=1 uid=0 auid=4294967295 ses=4294967295 subj=kernel msg='unit=systemd-sysusers comm="systemd" exe="/usr/lib/systemd/systemd" hostname=? addr=? terminal=? res=success'
Feb 21 08:17:51 ip-172-31-24-21 systemd[1]: Starting initrd-udevadm-cleanup-db.service - Cleanup udev Database...
Feb 21 08:17:51 ip-172-31-24-21 systemd[1]: systemd-tmpfiles-setup-dev.service: Deactivated successfully.
Feb 21 08:17:51 ip-172-31-24-21 systemd[1]: Stopped systemd-tmpfiles-setup-dev.service - Create Static Device Nodes in /dev.
Feb 21 08:17:51 ip-172-31-24-21 systemd[1]: systemd-sysusers.service: Deactivated successfully.
Feb 21 08:17:51 ip-172-31-24-21 systemd[1]: Stopped systemd-sysusers.service - Create System Users.
Feb 21 08:17:51 ip-172-31-24-21 systemd[1]: run-credentials-systemd\x2dtmpfiles\x2dsetup\x2ddev.service.mount: Deactivated successfully.
Feb 21 08:17:51 ip-172-31-24-21 systemd[1]: run-credentials-systemd\x2dsysusers.service.mount: Deactivated successfully.
Feb 21 08:17:51 ip-172-31-24-21 systemd[1]: initrd-udevadm-cleanup-db.service: Deactivated successfully.
Feb 21 08:17:51 ip-172-31-24-21 systemd[1]: Finished initrd-udevadm-cleanup-db.service - Cleanup udev Database.
Feb 21 08:17:51 ip-172-31-24-21 audit[1]: SERVICE_START pid=1 uid=0 auid=4294967295 ses=4294967295 subj=kernel msg='unit=initrd-udevadm-cleanup-db comm="systemd" exe="/usr/lib/systemd/systemd" hostname=? addr=? terminal=? res=success'
Feb 21 08:17:51 ip-172-31-24-21 audit[1]: SERVICE_STOP pid=1 uid=0 auid=4294967295 ses=4294967295 subj=kernel msg='unit=initrd-udevadm-cleanup-db comm="systemd" exe="/usr/lib/systemd/systemd" hostname=? addr=? terminal=? res=success'
Feb 21 08:17:51 ip-172-31-24-21 systemd[1]: Reached target initrd-switch-root.target - Switch Root.
Feb 21 08:17:51 ip-172-31-24-21 systemd[1]: Starting initrd-switch-root.service - Switch Root...
Feb 21 08:17:51 ip-172-31-24-21 systemd[1]: Switching root.
Feb 21 08:17:51 ip-172-31-24-21 systemd-journald[342]: Journal stopped
Feb 21 08:17:52 ip-172-31-24-21 systemd-journald[342]: Received SIGTERM from PID 1 (systemd).
Feb 21 08:17:52 ip-172-31-24-21 kernel: SELinux:  Class user_namespace not defined in policy.
Feb 21 08:17:52 ip-172-31-24-21 kernel: SELinux: the above unknown classes and permissions will be allowed
Feb 21 08:17:52 ip-172-31-24-21 kernel: SELinux:  policy capability network_peer_controls=1
Feb 21 08:17:52 ip-172-31-24-21 kernel: SELinux:  policy capability open_perms=1
Feb 21 08:17:52 ip-172-31-24-21 kernel: SELinux:  policy capability extended_socket_class=1
Feb 21 08:17:52 ip-172-31-24-21 kernel: SELinux:  policy capability always_check_network=0
Feb 21 08:17:52 ip-172-31-24-21 kernel: SELinux:  policy capability cgroup_seclabel=1
Feb 21 08:17:52 ip-172-31-24-21 kernel: SELinux:  policy capability nnp_nosuid_transition=1
Feb 21 08:17:52 ip-172-31-24-21 kernel: SELinux:  policy capability genfs_seclabel_symlinks=1
Feb 21 08:17:52 ip-172-31-24-21 kernel: SELinux:  policy capability ioctl_skip_cloexec=0
Feb 21 08:17:52 ip-172-31-24-21 systemd[1]: Successfully loaded SELinux policy in 158.230ms.
Feb 21 08:17:52 ip-172-31-24-21 systemd[1]: Relabelled /dev, /dev/shm, /run, /sys/fs/cgroup in 20.436ms.
Feb 21 08:17:52 ip-172-31-24-21 systemd[1]: systemd 252.23-11.amzn2023 running in system mode (+PAM +AUDIT +SELINUX -APPARMOR +IMA +SMACK +SECCOMP -GCRYPT -GNUTLS +OPENSSL +ACL +BLKID +CURL +ELFUTILS +FIDO2 +IDN2 -IDN -IPTC +KMOD +LIBCRYPTSETUP +LIBFDISK +PCRE2 +PWQUALITY +P11KIT +QRENCODE +TPM2 -BZIP2 -LZ4 +XZ +ZLIB -ZSTD +BPF_FRAMEWORK +XKBCOMMON +UTMP +SYSVINIT default-hierarchy=unified)
Feb 21 08:17:52 ip-172-31-24-21 systemd[1]: Detected virtualization amazon.
Feb 21 08:17:52 ip-172-31-24-21 systemd[1]: Detected architecture x86-64.
Feb 21 08:17:52 ip-172-31-24-21 systemd[1]: Hostname set to <ip-172-31-24-21.ec2.internal>.
Feb 21 08:17:52 ip-172-31-24-21 systemd[1]: bpf-lsm: LSM BPF program attached
Feb 21 08:17:52 ip-172-31-24-21 zram_generator::config[805]: zram0: system has too much memory (916MB), limit is 800MB, ignoring.
Feb 21 08:17:52 ip-172-31-24-21 systemd[1]: /usr/lib/systemd/system/acpid.socket:6: ListenStream= references a path below legacy directory /var/run/, updating /var/run/acpid.socket → /run/acpid.socket; please update the unit file accordingly.
Feb 21 08:17:52 ip-172-31-24-21 systemd[1]: initrd-switch-root.service: Deactivated successfully.
Feb 21 08:17:52 ip-172-31-24-21 systemd[1]: Stopped initrd-switch-root.service - Switch Root.
Feb 21 08:17:52 ip-172-31-24-21 systemd[1]: systemd-journald.service: Scheduled restart job, restart counter is at 1.
Feb 21 08:17:52 ip-172-31-24-21 systemd[1]: Created slice system-getty.slice - Slice /system/getty.
Feb 21 08:17:52 ip-172-31-24-21 systemd[1]: Created slice system-modprobe.slice - Slice /system/modprobe.
Feb 21 08:17:52 ip-172-31-24-21 systemd[1]: Created slice system-serial\x2dgetty.slice - Slice /system/serial-getty.
Feb 21 08:17:52 ip-172-31-24-21 systemd[1]: Created slice system-sshd\x2dkeygen.slice - Slice /system/sshd-keygen.
Feb 21 08:17:52 ip-172-31-24-21 systemd[1]: Created slice user.slice - User and Session Slice.
Feb 21 08:17:52 ip-172-31-24-21 systemd[1]: Started systemd-ask-password-console.path - Dispatch Password Requests to Console Directory Watch.
Feb 21 08:17:52 ip-172-31-24-21 systemd[1]: Started systemd-ask-password-wall.path - Forward Password Requests to Wall Directory Watch.
Feb 21 08:17:52 ip-172-31-24-21 systemd[1]: Set up automount proc-sys-fs-binfmt_misc.automount - Arbitrary Executable File Formats File System Automount Point.
Feb 21 08:17:52 ip-172-31-24-21 systemd[1]: Expecting device dev-ttyS0.device - /dev/ttyS0...
Feb 21 08:17:52 ip-172-31-24-21 systemd[1]: Reached target aws-eb.target.
Feb 21 08:17:52 ip-172-31-24-21 systemd[1]: Reached target cryptsetup.target - Local Encrypted Volumes.
Feb 21 08:17:52 ip-172-31-24-21 systemd[1]: Stopped target initrd-switch-root.target - Switch Root.
Feb 21 08:17:52 ip-172-31-24-21 systemd[1]: Stopped target initrd-fs.target - Initrd File Systems.
Feb 21 08:17:52 ip-172-31-24-21 systemd[1]: Stopped target initrd-root-fs.target - Initrd Root File System.
Feb 21 08:17:52 ip-172-31-24-21 systemd[1]: Reached target integritysetup.target - Local Integrity Protected Volumes.
Feb 21 08:17:52 ip-172-31-24-21 systemd[1]: Reached target paths.target - Path Units.
Feb 21 08:17:52 ip-172-31-24-21 systemd[1]: Reached target slices.target - Slice Units.
Feb 21 08:17:52 ip-172-31-24-21 systemd[1]: Reached target swap.target - Swaps.
Feb 21 08:17:52 ip-172-31-24-21 systemd[1]: Reached target veritysetup.target - Local Verity Protected Volumes.
Feb 21 08:17:52 ip-172-31-24-21 systemd[1]: Listening on systemd-coredump.socket - Process Core Dump Socket.
Feb 21 08:17:52 ip-172-31-24-21 systemd[1]: Listening on systemd-initctl.socket - initctl Compatibility Named Pipe.
Feb 21 08:17:52 ip-172-31-24-21 systemd[1]: Listening on systemd-networkd.socket - Network Service Netlink Socket.
Feb 21 08:17:52 ip-172-31-24-21 systemd[1]: Listening on systemd-udevd-control.socket - udev Control Socket.
Feb 21 08:17:52 ip-172-31-24-21 systemd[1]: Listening on systemd-udevd-kernel.socket - udev Kernel Socket.
Feb 21 08:17:52 ip-172-31-24-21 systemd[1]: Listening on systemd-userdbd.socket - User Database Manager Socket.
Feb 21 08:17:52 ip-172-31-24-21 systemd[1]: Mounting dev-hugepages.mount - Huge Pages File System...
Feb 21 08:17:52 ip-172-31-24-21 systemd[1]: Mounting dev-mqueue.mount - POSIX Message Queue File System...
Feb 21 08:17:52 ip-172-31-24-21 systemd[1]: Mounting sys-kernel-debug.mount - Kernel Debug File System...
Feb 21 08:17:52 ip-172-31-24-21 systemd[1]: Mounting sys-kernel-tracing.mount - Kernel Trace File System...
Feb 21 08:17:52 ip-172-31-24-21 systemd[1]: Mounting tmp.mount - Temporary Directory /tmp...
Feb 21 08:17:52 ip-172-31-24-21 systemd[1]: auth-rpcgss-module.service - Kernel Module supporting RPCSEC_GSS was skipped because of an unmet condition check (ConditionPathExists=/etc/krb5.keytab).
Feb 21 08:17:52 ip-172-31-24-21 systemd[1]: Starting kmod-static-nodes.service - Create List of Static Device Nodes...
Feb 21 08:17:52 ip-172-31-24-21 systemd[1]: Starting modprobe@configfs.service - Load Kernel Module configfs...
Feb 21 08:17:52 ip-172-31-24-21 systemd[1]: Starting modprobe@dm_mod.service - Load Kernel Module dm_mod...
Feb 21 08:17:52 ip-172-31-24-21 systemd[1]: Starting modprobe@drm.service - Load Kernel Module drm...
Feb 21 08:17:52 ip-172-31-24-21 systemd[1]: Starting modprobe@efi_pstore.service - Load Kernel Module efi_pstore...
Feb 21 08:17:52 ip-172-31-24-21 systemd[1]: Starting modprobe@fuse.service - Load Kernel Module fuse...
Feb 21 08:17:52 ip-172-31-24-21 systemd[1]: Starting modprobe@loop.service - Load Kernel Module loop...
Feb 21 08:17:52 ip-172-31-24-21 systemd[1]: Starting nfs-convert.service - Preprocess NFS configuration convertion...
Feb 21 08:17:52 ip-172-31-24-21 systemd[1]: Starting systemd-fsck-root.service - File System Check on Root Device...
Feb 21 08:17:52 ip-172-31-24-21 systemd[1]: Stopped systemd-journald.service - Journal Service.
Feb 21 08:17:52 ip-172-31-24-21 systemd[1]: Starting systemd-journald.service - Journal Service...
Feb 21 08:17:52 ip-172-31-24-21 systemd[1]: systemd-modules-load.service - Load Kernel Modules was skipped because no trigger condition checks were met.
Feb 21 08:17:52 ip-172-31-24-21 systemd[1]: Starting systemd-network-generator.service - Generate network units from Kernel command line...
Feb 21 08:17:52 ip-172-31-24-21 systemd[1]: Starting systemd-sysctl.service - Apply Kernel Variables...
Feb 21 08:17:52 ip-172-31-24-21 systemd[1]: Starting systemd-udev-trigger.service - Coldplug All udev Devices...
Feb 21 08:17:52 ip-172-31-24-21 systemd[1]: Mounted dev-hugepages.mount - Huge Pages File System.
Feb 21 08:17:52 ip-172-31-24-21 systemd[1]: Mounted dev-mqueue.mount - POSIX Message Queue File System.
Feb 21 08:17:52 ip-172-31-24-21 systemd[1]: Mounted sys-kernel-debug.mount - Kernel Debug File System.
Feb 21 08:17:52 ip-172-31-24-21 systemd[1]: Mounted sys-kernel-tracing.mount - Kernel Trace File System.
Feb 21 08:17:52 ip-172-31-24-21 systemd[1]: Mounted tmp.mount - Temporary Directory /tmp.
Feb 21 08:17:52 ip-172-31-24-21 kernel: fuse: init (API version 7.38)
Feb 21 08:17:52 ip-172-31-24-21 systemd[1]: Finished kmod-static-nodes.service - Create List of Static Device Nodes.
Feb 21 08:17:52 ip-172-31-24-21 systemd[1]: modprobe@configfs.service: Deactivated successfully.
Feb 21 08:17:52 ip-172-31-24-21 kernel: device-mapper: core: CONFIG_IMA_DISABLE_HTABLE is disabled. Duplicate IMA measurements will not be recorded in the IMA log.
Feb 21 08:17:52 ip-172-31-24-21 kernel: device-mapper: uevent: version 1.0.3
Feb 21 08:17:52 ip-172-31-24-21 kernel: device-mapper: ioctl: 4.47.0-ioctl (2022-07-28) initialised: dm-devel@redhat.com
Feb 21 08:17:52 ip-172-31-24-21 systemd-journald[827]: Journal started
Feb 21 08:17:52 ip-172-31-24-21 systemd-journald[827]: Runtime Journal (/run/log/journal/ec253e6c706b85c283a75da49a842e0c) is 2.2M, max 18.3M, 16.0M free.
Feb 21 08:17:52 ip-172-31-24-21 audit: MAC_POLICY_LOAD auid=4294967295 ses=4294967295 lsm=selinux res=1
Feb 21 08:17:52 ip-172-31-24-21 audit: BPF prog-id=8 op=LOAD
Feb 21 08:17:52 ip-172-31-24-21 audit: BPF prog-id=8 op=UNLOAD
Feb 21 08:17:52 ip-172-31-24-21 audit: BPF prog-id=9 op=LOAD
Feb 21 08:17:52 ip-172-31-24-21 audit: BPF prog-id=9 op=UNLOAD
Feb 21 08:17:52 ip-172-31-24-21 audit: BPF prog-id=10 op=LOAD
Feb 21 08:17:52 ip-172-31-24-21 audit: BPF prog-id=10 op=UNLOAD
Feb 21 08:17:52 ip-172-31-24-21 audit: BPF prog-id=11 op=LOAD
Feb 21 08:17:52 ip-172-31-24-21 audit: BPF prog-id=11 op=UNLOAD
Feb 21 08:17:52 ip-172-31-24-21 audit: BPF prog-id=12 op=LOAD
Feb 21 08:17:52 ip-172-31-24-21 audit: BPF prog-id=12 op=UNLOAD
Feb 21 08:17:52 ip-172-31-24-21 audit: BPF prog-id=13 op=LOAD
Feb 21 08:17:52 ip-172-31-24-21 audit: BPF prog-id=13 op=UNLOAD
Feb 21 08:17:52 ip-172-31-24-21 audit: BPF prog-id=14 op=LOAD
Feb 21 08:17:52 ip-172-31-24-21 audit: BPF prog-id=15 op=LOAD
Feb 21 08:17:52 ip-172-31-24-21 audit: BPF prog-id=14 op=UNLOAD
Feb 21 08:17:52 ip-172-31-24-21 audit: BPF prog-id=15 op=UNLOAD
Feb 21 08:17:52 ip-172-31-24-21 audit: BPF prog-id=16 op=LOAD
Feb 21 08:17:52 ip-172-31-24-21 audit: BPF prog-id=16 op=UNLOAD
Feb 21 08:17:52 ip-172-31-24-21 audit: BPF prog-id=17 op=LOAD
Feb 21 08:17:52 ip-172-31-24-21 audit: BPF prog-id=17 op=UNLOAD
Feb 21 08:17:52 ip-172-31-24-21 audit: BPF prog-id=18 op=LOAD
Feb 21 08:17:52 ip-172-31-24-21 audit: BPF prog-id=18 op=UNLOAD
Feb 21 08:17:52 ip-172-31-24-21 audit: BPF prog-id=19 op=LOAD
Feb 21 08:17:52 ip-172-31-24-21 audit: BPF prog-id=19 op=UNLOAD
Feb 21 08:17:52 ip-172-31-24-21 audit: BPF prog-id=20 op=LOAD
Feb 21 08:17:52 ip-172-31-24-21 audit: BPF prog-id=21 op=LOAD
Feb 21 08:17:52 ip-172-31-24-21 audit: BPF prog-id=21 op=UNLOAD
Feb 21 08:17:52 ip-172-31-24-21 audit: BPF prog-id=22 op=LOAD
Feb 21 08:17:52 ip-172-31-24-21 audit: BPF prog-id=20 op=UNLOAD
Feb 21 08:17:52 ip-172-31-24-21 audit: BPF prog-id=22 op=UNLOAD
Feb 21 08:17:52 ip-172-31-24-21 audit: BPF prog-id=23 op=LOAD
Feb 21 08:17:52 ip-172-31-24-21 audit: BPF prog-id=23 op=UNLOAD
Feb 21 08:17:52 ip-172-31-24-21 audit: BPF prog-id=24 op=LOAD
Feb 21 08:17:52 ip-172-31-24-21 audit: BPF prog-id=24 op=UNLOAD
Feb 21 08:17:52 ip-172-31-24-21 audit: BPF prog-id=25 op=LOAD
Feb 21 08:17:52 ip-172-31-24-21 audit: BPF prog-id=25 op=UNLOAD
Feb 21 08:17:52 ip-172-31-24-21 audit: BPF prog-id=26 op=LOAD
Feb 21 08:17:52 ip-172-31-24-21 audit: BPF prog-id=26 op=UNLOAD
Feb 21 08:17:52 ip-172-31-24-21 audit: BPF prog-id=27 op=LOAD
Feb 21 08:17:52 ip-172-31-24-21 audit: BPF prog-id=28 op=LOAD
Feb 21 08:17:52 ip-172-31-24-21 audit: BPF prog-id=3 op=UNLOAD
Feb 21 08:17:52 ip-172-31-24-21 audit: BPF prog-id=29 op=LOAD
Feb 21 08:17:52 ip-172-31-24-21 audit: BPF prog-id=30 op=LOAD
Feb 21 08:17:52 ip-172-31-24-21 audit: BPF prog-id=4 op=UNLOAD
Feb 21 08:17:52 ip-172-31-24-21 audit: BPF prog-id=5 op=UNLOAD
Feb 21 08:17:52 ip-172-31-24-21 audit[1]: SERVICE_STOP pid=1 uid=0 auid=4294967295 ses=4294967295 subj=system_u:system_r:init_t:s0 msg='unit=systemd-journald comm="systemd" exe="/usr/lib/systemd/systemd" hostname=? addr=? terminal=? res=success'
Feb 21 08:17:52 ip-172-31-24-21 audit: BPF prog-id=28 op=UNLOAD
Feb 21 08:17:52 ip-172-31-24-21 audit[1]: SERVICE_START pid=1 uid=0 auid=4294967295 ses=4294967295 subj=system_u:system_r:init_t:s0 msg='unit=initrd-switch-root comm="systemd" exe="/usr/lib/systemd/systemd" hostname=? addr=? terminal=? res=success'
Feb 21 08:17:52 ip-172-31-24-21 audit[1]: SERVICE_STOP pid=1 uid=0 auid=4294967295 ses=4294967295 subj=system_u:system_r:init_t:s0 msg='unit=initrd-switch-root comm="systemd" exe="/usr/lib/systemd/systemd" hostname=? addr=? terminal=? res=success'
Feb 21 08:17:52 ip-172-31-24-21 audit[1]: SERVICE_START pid=1 uid=0 auid=4294967295 ses=4294967295 subj=system_u:system_r:init_t:s0 msg='unit=systemd-journald comm="systemd" exe="/usr/lib/systemd/systemd" hostname=? addr=? terminal=? res=success'
Feb 21 08:17:52 ip-172-31-24-21 audit[1]: SERVICE_STOP pid=1 uid=0 auid=4294967295 ses=4294967295 subj=system_u:system_r:init_t:s0 msg='unit=systemd-journald comm="systemd" exe="/usr/lib/systemd/systemd" hostname=? addr=? terminal=? res=success'
Feb 21 08:17:52 ip-172-31-24-21 audit: BPF prog-id=31 op=LOAD
Feb 21 08:17:52 ip-172-31-24-21 audit: BPF prog-id=32 op=LOAD
Feb 21 08:17:52 ip-172-31-24-21 audit: BPF prog-id=33 op=LOAD
Feb 21 08:17:52 ip-172-31-24-21 audit: BPF prog-id=30 op=UNLOAD
Feb 21 08:17:52 ip-172-31-24-21 audit: BPF prog-id=29 op=UNLOAD
Feb 21 08:17:52 ip-172-31-24-21 audit[1]: SERVICE_START pid=1 uid=0 auid=4294967295 ses=4294967295 subj=system_u:system_r:init_t:s0 msg='unit=kmod-static-nodes comm="systemd" exe="/usr/lib/systemd/systemd" hostname=? addr=? terminal=? res=success'
Feb 21 08:17:52 ip-172-31-24-21 audit: CONFIG_CHANGE op=set audit_enabled=1 old=1 auid=4294967295 ses=4294967295 subj=system_u:system_r:syslogd_t:s0 res=1
Feb 21 08:17:52 ip-172-31-24-21 audit[827]: SYSCALL arch=c000003e syscall=46 success=yes exit=60 a0=4 a1=7ffcdccfc230 a2=4000 a3=7ffcdccfc2bc items=0 ppid=1 pid=827 auid=4294967295 uid=0 gid=0 euid=0 suid=0 fsuid=0 egid=0 sgid=0 fsgid=0 tty=(none) ses=4294967295 comm="systemd-journal" exe="/usr/lib/systemd/systemd-journald" subj=system_u:system_r:syslogd_t:s0 key=(null)
Feb 21 08:17:52 ip-172-31-24-21 audit: PROCTITLE proctitle="/usr/lib/systemd/systemd-journald"
Feb 21 08:17:52 ip-172-31-24-21 systemd[1]: Queued start job for default target graphical.target.
Feb 21 08:17:52 ip-172-31-24-21 systemd[1]: systemd-journald.service: Deactivated successfully.
Feb 21 08:17:52 ip-172-31-24-21 kernel: loop: module loaded
Feb 21 08:17:52 ip-172-31-24-21 systemd-fsck[858]: /usr/sbin/fsck.xfs: XFS file system.
Feb 21 08:17:52 ip-172-31-24-21 audit[1]: SERVICE_START pid=1 uid=0 auid=4294967295 ses=4294967295 subj=system_u:system_r:init_t:s0 msg='unit=modprobe@configfs comm="systemd" exe="/usr/lib/systemd/systemd" hostname=? addr=? terminal=? res=success'
Feb 21 08:17:52 ip-172-31-24-21 audit[1]: SERVICE_STOP pid=1 uid=0 auid=4294967295 ses=4294967295 subj=system_u:system_r:init_t:s0 msg='unit=modprobe@configfs comm="systemd" exe="/usr/lib/systemd/systemd" hostname=? addr=? terminal=? res=success'
Feb 21 08:17:52 ip-172-31-24-21 audit[1]: SERVICE_START pid=1 uid=0 auid=4294967295 ses=4294967295 subj=system_u:system_r:init_t:s0 msg='unit=systemd-journald comm="systemd" exe="/usr/lib/systemd/systemd" hostname=? addr=? terminal=? res=success'
Feb 21 08:17:52 ip-172-31-24-21 systemd[1]: modprobe@dm_mod.service: Deactivated successfully.
Feb 21 08:17:52 ip-172-31-24-21 systemd[1]: Finished modprobe@configfs.service - Load Kernel Module configfs.
Feb 21 08:17:52 ip-172-31-24-21 systemd[1]: Started systemd-journald.service - Journal Service.
Feb 21 08:17:52 ip-172-31-24-21 systemd[1]: Finished modprobe@dm_mod.service - Load Kernel Module dm_mod.
Feb 21 08:17:52 ip-172-31-24-21 audit[1]: SERVICE_START pid=1 uid=0 auid=4294967295 ses=4294967295 subj=system_u:system_r:init_t:s0 msg='unit=modprobe@dm_mod comm="systemd" exe="/usr/lib/systemd/systemd" hostname=? addr=? terminal=? res=success'
Feb 21 08:17:52 ip-172-31-24-21 audit[1]: SERVICE_STOP pid=1 uid=0 auid=4294967295 ses=4294967295 subj=system_u:system_r:init_t:s0 msg='unit=modprobe@dm_mod comm="systemd" exe="/usr/lib/systemd/systemd" hostname=? addr=? terminal=? res=success'
Feb 21 08:17:52 ip-172-31-24-21 systemd[1]: modprobe@drm.service: Deactivated successfully.
Feb 21 08:17:52 ip-172-31-24-21 systemd[1]: Finished modprobe@drm.service - Load Kernel Module drm.
Feb 21 08:17:52 ip-172-31-24-21 audit[1]: SERVICE_START pid=1 uid=0 auid=4294967295 ses=4294967295 subj=system_u:system_r:init_t:s0 msg='unit=modprobe@drm comm="systemd" exe="/usr/lib/systemd/systemd" hostname=? addr=? terminal=? res=success'
Feb 21 08:17:52 ip-172-31-24-21 audit[1]: SERVICE_STOP pid=1 uid=0 auid=4294967295 ses=4294967295 subj=system_u:system_r:init_t:s0 msg='unit=modprobe@drm comm="systemd" exe="/usr/lib/systemd/systemd" hostname=? addr=? terminal=? res=success'
Feb 21 08:17:52 ip-172-31-24-21 systemd[1]: modprobe@efi_pstore.service: Deactivated successfully.
Feb 21 08:17:52 ip-172-31-24-21 systemd[1]: Finished modprobe@efi_pstore.service - Load Kernel Module efi_pstore.
Feb 21 08:17:52 ip-172-31-24-21 audit[1]: SERVICE_START pid=1 uid=0 auid=4294967295 ses=4294967295 subj=system_u:system_r:init_t:s0 msg='unit=modprobe@efi_pstore comm="systemd" exe="/usr/lib/systemd/systemd" hostname=? addr=? terminal=? res=success'
Feb 21 08:17:52 ip-172-31-24-21 audit[1]: SERVICE_STOP pid=1 uid=0 auid=4294967295 ses=4294967295 subj=system_u:system_r:init_t:s0 msg='unit=modprobe@efi_pstore comm="systemd" exe="/usr/lib/systemd/systemd" hostname=? addr=? terminal=? res=success'
Feb 21 08:17:52 ip-172-31-24-21 systemd[1]: modprobe@fuse.service: Deactivated successfully.
Feb 21 08:17:53 ip-172-31-24-21 systemd[1]: Finished modprobe@fuse.service - Load Kernel Module fuse.
Feb 21 08:17:53 ip-172-31-24-21 audit[1]: SERVICE_START pid=1 uid=0 auid=4294967295 ses=4294967295 subj=system_u:system_r:init_t:s0 msg='unit=modprobe@fuse comm="systemd" exe="/usr/lib/systemd/systemd" hostname=? addr=? terminal=? res=success'
Feb 21 08:17:53 ip-172-31-24-21 audit[1]: SERVICE_STOP pid=1 uid=0 auid=4294967295 ses=4294967295 subj=system_u:system_r:init_t:s0 msg='unit=modprobe@fuse comm="systemd" exe="/usr/lib/systemd/systemd" hostname=? addr=? terminal=? res=success'
Feb 21 08:17:53 ip-172-31-24-21 systemd[1]: modprobe@loop.service: Deactivated successfully.
Feb 21 08:17:53 ip-172-31-24-21 systemd[1]: Finished modprobe@loop.service - Load Kernel Module loop.
Feb 21 08:17:53 ip-172-31-24-21 audit[1]: SERVICE_START pid=1 uid=0 auid=4294967295 ses=4294967295 subj=system_u:system_r:init_t:s0 msg='unit=modprobe@loop comm="systemd" exe="/usr/lib/systemd/systemd" hostname=? addr=? terminal=? res=success'
Feb 21 08:17:53 ip-172-31-24-21 audit[1]: SERVICE_STOP pid=1 uid=0 auid=4294967295 ses=4294967295 subj=system_u:system_r:init_t:s0 msg='unit=modprobe@loop comm="systemd" exe="/usr/lib/systemd/systemd" hostname=? addr=? terminal=? res=success'
Feb 21 08:17:53 ip-172-31-24-21 systemd[1]: nfs-convert.service: Deactivated successfully.
Feb 21 08:17:53 ip-172-31-24-21 systemd[1]: Finished nfs-convert.service - Preprocess NFS configuration convertion.
Feb 21 08:17:53 ip-172-31-24-21 audit[1]: SERVICE_START pid=1 uid=0 auid=4294967295 ses=4294967295 subj=system_u:system_r:init_t:s0 msg='unit=nfs-convert comm="systemd" exe="/usr/lib/systemd/systemd" hostname=? addr=? terminal=? res=success'
Feb 21 08:17:53 ip-172-31-24-21 audit[1]: SERVICE_STOP pid=1 uid=0 auid=4294967295 ses=4294967295 subj=system_u:system_r:init_t:s0 msg='unit=nfs-convert comm="systemd" exe="/usr/lib/systemd/systemd" hostname=? addr=? terminal=? res=success'
Feb 21 08:17:53 ip-172-31-24-21 systemd[1]: Finished systemd-fsck-root.service - File System Check on Root Device.
Feb 21 08:17:53 ip-172-31-24-21 audit[1]: SERVICE_START pid=1 uid=0 auid=4294967295 ses=4294967295 subj=system_u:system_r:init_t:s0 msg='unit=systemd-fsck-root comm="systemd" exe="/usr/lib/systemd/systemd" hostname=? addr=? terminal=? res=success'
Feb 21 08:17:53 ip-172-31-24-21 systemd[1]: Finished systemd-network-generator.service - Generate network units from Kernel command line.
Feb 21 08:17:53 ip-172-31-24-21 audit[1]: SERVICE_START pid=1 uid=0 auid=4294967295 ses=4294967295 subj=system_u:system_r:init_t:s0 msg='unit=systemd-network-generator comm="systemd" exe="/usr/lib/systemd/systemd" hostname=? addr=? terminal=? res=success'
Feb 21 08:17:53 ip-172-31-24-21 systemd[1]: Finished systemd-sysctl.service - Apply Kernel Variables.
Feb 21 08:17:53 ip-172-31-24-21 audit[1]: SERVICE_START pid=1 uid=0 auid=4294967295 ses=4294967295 subj=system_u:system_r:init_t:s0 msg='unit=systemd-sysctl comm="systemd" exe="/usr/lib/systemd/systemd" hostname=? addr=? terminal=? res=success'
Feb 21 08:17:53 ip-172-31-24-21 systemd[1]: Finished systemd-udev-trigger.service - Coldplug All udev Devices.
Feb 21 08:17:53 ip-172-31-24-21 audit[1]: SERVICE_START pid=1 uid=0 auid=4294967295 ses=4294967295 subj=system_u:system_r:init_t:s0 msg='unit=systemd-udev-trigger comm="systemd" exe="/usr/lib/systemd/systemd" hostname=? addr=? terminal=? res=success'
Feb 21 08:17:53 ip-172-31-24-21 systemd[1]: Mounting sys-fs-fuse-connections.mount - FUSE Control File System...
Feb 21 08:17:53 ip-172-31-24-21 systemd[1]: Mounting sys-kernel-config.mount - Kernel Configuration File System...
Feb 21 08:17:53 ip-172-31-24-21 systemd[1]: Starting systemd-remount-fs.service - Remount Root and Kernel File Systems...
Feb 21 08:17:53 ip-172-31-24-21 systemd[1]: systemd-repart.service - Repartition Root Disk was skipped because no trigger condition checks were met.
Feb 21 08:17:53 ip-172-31-24-21 systemd[1]: Mounted sys-fs-fuse-connections.mount - FUSE Control File System.
Feb 21 08:17:53 ip-172-31-24-21 systemd[1]: Mounted sys-kernel-config.mount - Kernel Configuration File System.
Feb 21 08:17:53 ip-172-31-24-21 audit[1]: SERVICE_START pid=1 uid=0 auid=4294967295 ses=4294967295 subj=system_u:system_r:init_t:s0 msg='unit=systemd-remount-fs comm="systemd" exe="/usr/lib/systemd/systemd" hostname=? addr=? terminal=? res=success'
Feb 21 08:17:53 ip-172-31-24-21 systemd[1]: Finished systemd-remount-fs.service - Remount Root and Kernel File Systems.
Feb 21 08:17:53 ip-172-31-24-21 systemd[1]: systemd-firstboot.service - First Boot Wizard was skipped because of an unmet condition check (ConditionFirstBoot=yes).
Feb 21 08:17:53 ip-172-31-24-21 systemd[1]: systemd-hwdb-update.service - Rebuild Hardware Database was skipped because of an unmet condition check (ConditionNeedsUpdate=/etc).
Feb 21 08:17:53 ip-172-31-24-21 systemd[1]: Starting systemd-journal-flush.service - Flush Journal to Persistent Storage...
Feb 21 08:17:53 ip-172-31-24-21 systemd[1]: systemd-pstore.service - Platform Persistent Storage Archival was skipped because of an unmet condition check (ConditionDirectoryNotEmpty=/sys/fs/pstore).
Feb 21 08:17:53 ip-172-31-24-21 systemd[1]: Starting systemd-random-seed.service - Load/Save Random Seed...
Feb 21 08:17:53 ip-172-31-24-21 systemd[1]: systemd-sysusers.service - Create System Users was skipped because no trigger condition checks were met.
Feb 21 08:17:53 ip-172-31-24-21 systemd[1]: Starting systemd-tmpfiles-setup-dev.service - Create Static Device Nodes in /dev...
Feb 21 08:17:53 ip-172-31-24-21 systemd-journald[827]: Runtime Journal (/run/log/journal/ec253e6c706b85c283a75da49a842e0c) is 2.2M, max 18.3M, 16.0M free.
Feb 21 08:17:53 ip-172-31-24-21 systemd-journald[827]: Received client request to flush runtime journal.
Feb 21 08:17:53 ip-172-31-24-21 systemd[1]: Finished systemd-journal-flush.service - Flush Journal to Persistent Storage.
Feb 21 08:17:53 ip-172-31-24-21 audit[1]: SERVICE_START pid=1 uid=0 auid=4294967295 ses=4294967295 subj=system_u:system_r:init_t:s0 msg='unit=systemd-journal-flush comm="systemd" exe="/usr/lib/systemd/systemd" hostname=? addr=? terminal=? res=success'
Feb 21 08:17:53 ip-172-31-24-21 systemd[1]: Finished systemd-random-seed.service - Load/Save Random Seed.
Feb 21 08:17:53 ip-172-31-24-21 audit[1]: SERVICE_START pid=1 uid=0 auid=4294967295 ses=4294967295 subj=system_u:system_r:init_t:s0 msg='unit=systemd-random-seed comm="systemd" exe="/usr/lib/systemd/systemd" hostname=? addr=? terminal=? res=success'
Feb 21 08:17:53 ip-172-31-24-21 systemd[1]: Finished systemd-tmpfiles-setup-dev.service - Create Static Device Nodes in /dev.
Feb 21 08:17:53 ip-172-31-24-21 audit[1]: SERVICE_START pid=1 uid=0 auid=4294967295 ses=4294967295 subj=system_u:system_r:init_t:s0 msg='unit=systemd-tmpfiles-setup-dev comm="systemd" exe="/usr/lib/systemd/systemd" hostname=? addr=? terminal=? res=success'
Feb 21 08:17:53 ip-172-31-24-21 systemd[1]: first-boot-complete.target - First Boot Complete was skipped because of an unmet condition check (ConditionFirstBoot=yes).
Feb 21 08:17:53 ip-172-31-24-21 systemd[1]: Reached target local-fs-pre.target - Preparation for Local File Systems.
Feb 21 08:17:53 ip-172-31-24-21 systemd[1]: Set up automount boot-efi.automount.
Feb 21 08:17:53 ip-172-31-24-21 systemd[1]: Reached target local-fs.target - Local File Systems.
Feb 21 08:17:53 ip-172-31-24-21 systemd[1]: import-state.service - Import network configuration from initramfs was skipped because of an unmet condition check (ConditionDirectoryNotEmpty=/run/initramfs/state).
Feb 21 08:17:53 ip-172-31-24-21 systemd[1]: ldconfig.service - Rebuild Dynamic Linker Cache was skipped because no trigger condition checks were met.
Feb 21 08:17:53 ip-172-31-24-21 systemd[1]: selinux-autorelabel-mark.service - Mark the need to relabel after reboot was skipped because of an unmet condition check (ConditionSecurity=!selinux).
Feb 21 08:17:53 ip-172-31-24-21 systemd[1]: systemd-binfmt.service - Set Up Additional Binary Formats was skipped because no trigger condition checks were met.
Feb 21 08:17:53 ip-172-31-24-21 systemd[1]: systemd-boot-system-token.service - Store a System Token in an EFI Variable was skipped because of an unmet condition check (ConditionPathExists=/sys/firmware/efi/efivars/LoaderFeatures-4a67b082-0a4c-41cf-b6c7-440b29bb8c4f).
Feb 21 08:17:53 ip-172-31-24-21 systemd[1]: Starting systemd-boot-update.service - Automatic Boot Loader Update...
Feb 21 08:17:53 ip-172-31-24-21 systemd[1]: systemd-machine-id-commit.service - Commit a transient machine-id on disk was skipped because of an unmet condition check (ConditionPathIsMountPoint=/etc/machine-id).
Feb 21 08:17:53 ip-172-31-24-21 audit: BPF prog-id=34 op=LOAD
Feb 21 08:17:53 ip-172-31-24-21 audit: BPF prog-id=35 op=LOAD
Feb 21 08:17:53 ip-172-31-24-21 audit: BPF prog-id=6 op=UNLOAD
Feb 21 08:17:53 ip-172-31-24-21 audit: BPF prog-id=7 op=UNLOAD
Feb 21 08:17:53 ip-172-31-24-21 systemd[1]: Starting systemd-tmpfiles-setup.service - Create Volatile Files and Directories...
Feb 21 08:17:53 ip-172-31-24-21 systemd[1]: Starting systemd-udevd.service - Rule-based Manager for Device Events and Files...
Feb 21 08:17:53 ip-172-31-24-21 systemd[1]: boot-efi.automount: Got automount request for /boot/efi, triggered by 1236 (bootctl)
Feb 21 08:17:53 ip-172-31-24-21 systemd[1]: Created slice system-systemd\x2dfsck.slice - Slice /system/systemd-fsck.
Feb 21 08:17:53 ip-172-31-24-21 systemd[1]: Expecting device dev-disk-by\x2duuid-6AC9\x2d70C8.device - /dev/disk/by-uuid/6AC9-70C8...
Feb 21 08:17:53 ip-172-31-24-21 systemd-udevd[1238]: Using default interface naming scheme 'v252'.
Feb 21 08:17:53 ip-172-31-24-21 systemd[1]: Finished systemd-tmpfiles-setup.service - Create Volatile Files and Directories.
Feb 21 08:17:53 ip-172-31-24-21 systemd[1]: Started systemd-udevd.service - Rule-based Manager for Device Events and Files.
Feb 21 08:17:53 ip-172-31-24-21 audit[1]: SERVICE_START pid=1 uid=0 auid=4294967295 ses=4294967295 subj=system_u:system_r:init_t:s0 msg='unit=systemd-tmpfiles-setup comm="systemd" exe="/usr/lib/systemd/systemd" hostname=? addr=? terminal=? res=success'
Feb 21 08:17:53 ip-172-31-24-21 audit[1]: SERVICE_START pid=1 uid=0 auid=4294967295 ses=4294967295 subj=system_u:system_r:init_t:s0 msg='unit=systemd-udevd comm="systemd" exe="/usr/lib/systemd/systemd" hostname=? addr=? terminal=? res=success'
Feb 21 08:17:53 ip-172-31-24-21 kernel: input: Power Button as /devices/LNXSYSTM:00/LNXPWRBN:00/input/input0
Feb 21 08:17:53 ip-172-31-24-21 audit: BPF prog-id=36 op=LOAD
Feb 21 08:17:53 ip-172-31-24-21 systemd[1]: Mounting var-lib-nfs-rpc_pipefs.mount - RPC Pipe File System...
Feb 21 08:17:53 ip-172-31-24-21 systemd[1]: Starting auditd.service - Security Auditing Service...
Feb 21 08:17:53 ip-172-31-24-21 systemd[1]: systemd-journal-catalog-update.service - Rebuild Journal Catalog was skipped because of an unmet condition check (ConditionNeedsUpdate=/var).
Feb 21 08:17:53 ip-172-31-24-21 systemd[1]: Starting systemd-resolved.service - Network Name Resolution...
Feb 21 08:17:53 ip-172-31-24-21 systemd[1]: Condition check resulted in dev-ttyS0.device - /dev/ttyS0 being skipped.
Feb 21 08:17:53 ip-172-31-24-21 kernel: ena 0000:00:05.0: Elastic Network Adapter (ENA) v2.16.1g
Feb 21 08:17:53 ip-172-31-24-21 kernel: ACPI: button: Power Button [PWRF]
Feb 21 08:17:53 ip-172-31-24-21 kernel: input: Sleep Button as /devices/LNXSYSTM:00/LNXSLPBN:00/input/input1
Feb 21 08:17:53 ip-172-31-24-21 kernel: i8042: PNP: PS/2 Controller [PNP0303:KBD,PNP0f13:MOU] at 0x60,0x64 irq 1,12
Feb 21 08:17:53 ip-172-31-24-21 kernel: i8042: Warning: Keylock active
Feb 21 08:17:53 ip-172-31-24-21 kernel: ACPI: button: Sleep Button [SLPF]
Feb 21 08:17:53 ip-172-31-24-21 kernel: RPC: Registered named UNIX socket transport module.
Feb 21 08:17:53 ip-172-31-24-21 kernel: RPC: Registered udp transport module.
Feb 21 08:17:53 ip-172-31-24-21 kernel: serio: i8042 KBD port at 0x60,0x64 irq 1
Feb 21 08:17:53 ip-172-31-24-21 kernel: RPC: Registered tcp transport module.
Feb 21 08:17:53 ip-172-31-24-21 kernel: RPC: Registered tcp NFSv4.1 backchannel transport module.
Feb 21 08:17:53 ip-172-31-24-21 kernel: serio: i8042 AUX port at 0x60,0x64 irq 12
Feb 21 08:17:53 ip-172-31-24-21 kernel: ena 0000:00:05.0: ENA device version: 0.10
Feb 21 08:17:53 ip-172-31-24-21 kernel: ena 0000:00:05.0: ENA controller version: 0.0.1 implementation version 1
Feb 21 08:17:53 ip-172-31-24-21 kernel: ena 0000:00:05.0: LLQ is not supported Fallback to host mode policy.
Feb 21 08:17:53 ip-172-31-24-21 kernel: ena 0000:00:05.0: Elastic Network Adapter (ENA) found at mem 80400000, mac addr 02:86:0c:7e:12:49
Feb 21 08:17:53 ip-172-31-24-21 audit[1272]: AVC avc:  denied  { setattr } for  pid=1272 comm="auditd" name="audit" dev="nvme0n1p1" ino=8529819 scontext=system_u:system_r:auditd_t:s0 tcontext=system_u:object_r:var_log_t:s0 tclass=dir permissive=1
Feb 21 08:17:53 ip-172-31-24-21 audit[1272]: SYSCALL arch=c000003e syscall=90 success=yes exit=0 a0=5611e10389c0 a1=1c0 a2=5611e10389ce a3=1a4 items=0 ppid=1261 pid=1272 auid=4294967295 uid=0 gid=0 euid=0 suid=0 fsuid=0 egid=0 sgid=0 fsgid=0 tty=(none) ses=4294967295 comm="auditd" exe="/usr/sbin/auditd" subj=system_u:system_r:auditd_t:s0 key=(null)
Feb 21 08:17:53 ip-172-31-24-21 audit: PROCTITLE proctitle="/sbin/auditd"
Feb 21 08:17:53 ip-172-31-24-21 audit[1272]: AVC avc:  denied  { create } for  pid=1272 comm="auditd" name="audit.log" scontext=system_u:system_r:auditd_t:s0 tcontext=system_u:object_r:var_log_t:s0 tclass=file permissive=1
Feb 21 08:17:53 ip-172-31-24-21 audit[1272]: AVC avc:  denied  { read open } for  pid=1272 comm="auditd" path="/var/log/audit/audit.log" dev="nvme0n1p1" ino=8565633 scontext=system_u:system_r:auditd_t:s0 tcontext=system_u:object_r:var_log_t:s0 tclass=file permissive=1
Feb 21 08:17:53 ip-172-31-24-21 audit[1272]: SYSCALL arch=c000003e syscall=257 success=yes exit=5 a0=ffffff9c a1=5611e1038750 a2=4c0 a3=1a0 items=4 ppid=1261 pid=1272 auid=4294967295 uid=0 gid=0 euid=0 suid=0 fsuid=0 egid=0 sgid=0 fsgid=0 tty=(none) ses=4294967295 comm="auditd" exe="/usr/sbin/auditd" subj=system_u:system_r:auditd_t:s0 key=(null)
Feb 21 08:17:53 ip-172-31-24-21 audit: CWD cwd="/"
Feb 21 08:17:53 ip-172-31-24-21 audit: PATH item=0 name=(null) inode=8529819 dev=103:01 mode=040700 ouid=0 ogid=0 rdev=00:00 obj=system_u:object_r:var_log_t:s0 nametype=PARENT cap_fp=0 cap_fi=0 cap_fe=0 cap_fver=0 cap_frootid=0
Feb 21 08:17:53 ip-172-31-24-21 audit: PATH item=1 name=(null) nametype=CREATE cap_fp=0 cap_fi=0 cap_fe=0 cap_fver=0 cap_frootid=0
Feb 21 08:17:53 ip-172-31-24-21 audit: PATH item=2 name=(null) inode=8529819 dev=103:01 mode=040700 ouid=0 ogid=0 rdev=00:00 obj=system_u:object_r:var_log_t:s0 nametype=PARENT cap_fp=0 cap_fi=0 cap_fe=0 cap_fver=0 cap_frootid=0
Feb 21 08:17:53 ip-172-31-24-21 audit: PATH item=3 name=(null) inode=8565633 dev=103:01 mode=0100640 ouid=0 ogid=0 rdev=00:00 obj=system_u:object_r:var_log_t:s0 nametype=CREATE cap_fp=0 cap_fi=0 cap_fe=0 cap_fver=0 cap_frootid=0
Feb 21 08:17:53 ip-172-31-24-21 audit: PROCTITLE proctitle="/sbin/auditd"
Feb 21 08:17:53 ip-172-31-24-21 audit[1272]: AVC avc:  denied  { setattr } for  pid=1272 comm="auditd" name="audit.log" dev="nvme0n1p1" ino=8565633 scontext=system_u:system_r:auditd_t:s0 tcontext=system_u:object_r:var_log_t:s0 tclass=file permissive=1
Feb 21 08:17:53 ip-172-31-24-21 audit[1272]: SYSCALL arch=c000003e syscall=91 success=yes exit=0 a0=5 a1=180 a2=0 a3=0 items=0 ppid=1261 pid=1272 auid=4294967295 uid=0 gid=0 euid=0 suid=0 fsuid=0 egid=0 sgid=0 fsgid=0 tty=(none) ses=4294967295 comm="auditd" exe="/usr/sbin/auditd" subj=system_u:system_r:auditd_t:s0 key=(null)
Feb 21 08:17:53 ip-172-31-24-21 audit: PROCTITLE proctitle="/sbin/auditd"
Feb 21 08:17:53 ip-172-31-24-21 audit: CONFIG_CHANGE op=set audit_enabled=1 old=1 auid=4294967295 ses=4294967295 subj=system_u:system_r:auditd_t:s0 res=1
Feb 21 08:17:53 ip-172-31-24-21 audit[1272]: SYSCALL arch=c000003e syscall=44 success=yes exit=60 a0=3 a1=7ffe91002f90 a2=3c a3=0 items=0 ppid=1261 pid=1272 auid=4294967295 uid=0 gid=0 euid=0 suid=0 fsuid=0 egid=0 sgid=0 fsgid=0 tty=(none) ses=4294967295 comm="auditd" exe="/usr/sbin/auditd" subj=system_u:system_r:auditd_t:s0 key=(null)
Feb 21 08:17:53 ip-172-31-24-21 audit: PROCTITLE proctitle="/sbin/auditd"
Feb 21 08:17:53 ip-172-31-24-21 audit: CONFIG_CHANGE op=set audit_pid=1272 old=0 auid=4294967295 ses=4294967295 subj=system_u:system_r:auditd_t:s0 res=1
Feb 21 08:17:53 ip-172-31-24-21 audit[1272]: SYSCALL arch=c000003e syscall=44 success=yes exit=60 a0=3 a1=7ffe91000c40 a2=3c a3=0 items=0 ppid=1261 pid=1272 auid=4294967295 uid=0 gid=0 euid=0 suid=0 fsuid=0 egid=0 sgid=0 fsgid=0 tty=(none) ses=4294967295 comm="auditd" exe="/usr/sbin/auditd" subj=system_u:system_r:auditd_t:s0 key=(null)
Feb 21 08:17:53 ip-172-31-24-21 audit: PROCTITLE proctitle="/sbin/auditd"
Feb 21 08:17:53 ip-172-31-24-21 audit: CONFIG_CHANGE auid=4294967295 ses=4294967295 subj=system_u:system_r:unconfined_service_t:s0 op=add_rule key=(null) list=1 res=1
Feb 21 08:17:53 ip-172-31-24-21 audit[1330]: SYSCALL arch=c000003e syscall=44 success=yes exit=1056 a0=3 a1=7ffcb1c3dac0 a2=420 a3=0 items=0 ppid=1275 pid=1330 auid=4294967295 uid=0 gid=0 euid=0 suid=0 fsuid=0 egid=0 sgid=0 fsgid=0 tty=(none) ses=4294967295 comm="auditctl" exe="/usr/sbin/auditctl" subj=system_u:system_r:unconfined_service_t:s0 key=(null)
Feb 21 08:17:53 ip-172-31-24-21 audit: PROCTITLE proctitle=2F7362696E2F617564697463746C002D52002F6574632F61756469742F61756469742E72756C6573
Feb 21 08:17:53 ip-172-31-24-21 audit[1]: SERVICE_START pid=1 uid=0 auid=4294967295 ses=4294967295 subj=system_u:system_r:init_t:s0 msg='unit=auditd comm="systemd" exe="/usr/lib/systemd/systemd" hostname=? addr=? terminal=? res=success'
Feb 21 08:17:53 ip-172-31-24-21 audit[1334]: SYSTEM_BOOT pid=1334 uid=0 auid=4294967295 ses=4294967295 subj=system_u:system_r:init_t:s0 msg=' comm="systemd-update-utmp" exe="/usr/lib/systemd/systemd-update-utmp" hostname=? addr=? terminal=? res=success'
Feb 21 08:17:53 ip-172-31-24-21 systemd[1]: Mounted var-lib-nfs-rpc_pipefs.mount - RPC Pipe File System.
Feb 21 08:17:53 ip-172-31-24-21 auditd[1272]: No plugins found, not dispatching events
Feb 21 08:17:53 ip-172-31-24-21 augenrules[1275]: /sbin/augenrules: No change
Feb 21 08:17:53 ip-172-31-24-21 systemd[1]: Reached target rpc_pipefs.target.
Feb 21 08:17:53 ip-172-31-24-21 auditd[1272]: Init complete, auditd 3.1.5 listening for events (startup state enable)
Feb 21 08:17:53 ip-172-31-24-21 augenrules[1330]: No rules
Feb 21 08:17:53 ip-172-31-24-21 systemd-resolved[1262]: Positive Trust Anchors:
Feb 21 08:17:53 ip-172-31-24-21 systemd-resolved[1262]: . IN DS 20326 8 2 e06d44b80b8f1d39a95c0b0d7c65d08458e880409bbc683457104237c7f8ec8d
Feb 21 08:17:53 ip-172-31-24-21 systemd-resolved[1262]: Negative trust anchors: home.arpa 10.in-addr.arpa 16.172.in-addr.arpa 17.172.in-addr.arpa 18.172.in-addr.arpa 19.172.in-addr.arpa 20.172.in-addr.arpa 21.172.in-addr.arpa 22.172.in-addr.arpa 23.172.in-addr.arpa 24.172.in-addr.arpa 25.172.in-addr.arpa 26.172.in-addr.arpa 27.172.in-addr.arpa 28.172.in-addr.arpa 29.172.in-addr.arpa 30.172.in-addr.arpa 31.172.in-addr.arpa 168.192.in-addr.arpa d.f.ip6.arpa corp home internal intranet lan local private test
Feb 21 08:17:53 ip-172-31-24-21 systemd[1]: Started auditd.service - Security Auditing Service.
Feb 21 08:17:53 ip-172-31-24-21 systemd[1]: Starting systemd-update-utmp.service - Record System Boot/Shutdown in UTMP...
Feb 21 08:17:53 ip-172-31-24-21 systemd-resolved[1262]: Using system hostname 'ip-172-31-24-21.ec2.internal'.
Feb 21 08:17:53 ip-172-31-24-21 systemd[1]: Finished systemd-update-utmp.service - Record System Boot/Shutdown in UTMP.
Feb 21 08:17:53 ip-172-31-24-21 audit[1]: SERVICE_START pid=1 uid=0 auid=4294967295 ses=4294967295 subj=system_u:system_r:init_t:s0 msg='unit=systemd-update-utmp comm="systemd" exe="/usr/lib/systemd/systemd" hostname=? addr=? terminal=? res=success'
Feb 21 08:17:53 ip-172-31-24-21 audit[1]: SERVICE_START pid=1 uid=0 auid=4294967295 ses=4294967295 subj=system_u:system_r:init_t:s0 msg='unit=systemd-resolved comm="systemd" exe="/usr/lib/systemd/systemd" hostname=? addr=? terminal=? res=success'
Feb 21 08:17:53 ip-172-31-24-21 systemd[1]: Started systemd-resolved.service - Network Name Resolution.
Feb 21 08:17:53 ip-172-31-24-21 systemd[1]: Reached target nss-lookup.target - Host and Network Name Lookups.
Feb 21 08:17:53 ip-172-31-24-21 kernel: ena 0000:00:05.0 ens5: renamed from eth0
Feb 21 08:17:53 ip-172-31-24-21 systemd[1]: Reloading.
Feb 21 08:17:54 ip-172-31-24-21 zram_generator::config[1372]: zram0: system has too much memory (916MB), limit is 800MB, ignoring.
Feb 21 08:17:54 ip-172-31-24-21 systemd[1]: /usr/lib/systemd/system/acpid.socket:6: ListenStream= references a path below legacy directory /var/run/, updating /var/run/acpid.socket → /run/acpid.socket; please update the unit file accordingly.
Feb 21 08:17:54 ip-172-31-24-21 systemd[1]: Condition check resulted in dev-disk-by\x2duuid-6AC9\x2d70C8.device - Amazon Elastic Block Store EFI\x20System\x20Partition being skipped.
Feb 21 08:17:54 ip-172-31-24-21 audit: BPF prog-id=37 op=LOAD
Feb 21 08:17:54 ip-172-31-24-21 audit: BPF prog-id=31 op=UNLOAD
Feb 21 08:17:54 ip-172-31-24-21 audit: BPF prog-id=38 op=LOAD
Feb 21 08:17:54 ip-172-31-24-21 audit: BPF prog-id=39 op=LOAD
Feb 21 08:17:54 ip-172-31-24-21 audit: BPF prog-id=32 op=UNLOAD
Feb 21 08:17:54 ip-172-31-24-21 audit: BPF prog-id=33 op=UNLOAD
Feb 21 08:17:54 ip-172-31-24-21 audit: BPF prog-id=40 op=LOAD
Feb 21 08:17:54 ip-172-31-24-21 audit: BPF prog-id=36 op=UNLOAD
Feb 21 08:17:54 ip-172-31-24-21 audit: BPF prog-id=41 op=LOAD
Feb 21 08:17:54 ip-172-31-24-21 audit: BPF prog-id=42 op=LOAD
Feb 21 08:17:54 ip-172-31-24-21 audit: BPF prog-id=34 op=UNLOAD
Feb 21 08:17:54 ip-172-31-24-21 audit: BPF prog-id=35 op=UNLOAD
Feb 21 08:17:54 ip-172-31-24-21 systemd[1]: Created slice system-policy\x2droutes.slice - Slice /system/policy-routes.
Feb 21 08:17:54 ip-172-31-24-21 systemd[1]: import-state.service - Import network configuration from initramfs was skipped because of an unmet condition check (ConditionDirectoryNotEmpty=/run/initramfs/state).
Feb 21 08:17:54 ip-172-31-24-21 systemd[1]: ldconfig.service - Rebuild Dynamic Linker Cache was skipped because no trigger condition checks were met.
Feb 21 08:17:54 ip-172-31-24-21 systemd[1]: Starting modprobe@dm_mod.service - Load Kernel Module dm_mod...
Feb 21 08:17:54 ip-172-31-24-21 systemd[1]: Starting modprobe@efi_pstore.service - Load Kernel Module efi_pstore...
Feb 21 08:17:54 ip-172-31-24-21 systemd[1]: Starting modprobe@loop.service - Load Kernel Module loop...
Feb 21 08:17:54 ip-172-31-24-21 systemd[1]: selinux-autorelabel-mark.service - Mark the need to relabel after reboot was skipped because of an unmet condition check (ConditionSecurity=!selinux).
